[1/210] task=pendulum alg=ps seed=0 ...
  -> cost=2.2172, wall_time=0.74s
[2/210] task=pendulum alg=ps seed=1 ...
  -> cost=2.5420, wall_time=0.70s
[3/210] task=pendulum alg=ps seed=2 ...
  -> cost=5.3219, wall_time=0.67s
[4/210] task=pendulum alg=ps seed=3 ...
  -> cost=0.0080, wall_time=0.76s
[5/210] task=pendulum alg=ps seed=4 ...
  -> cost=11.0008, wall_time=0.68s
[6/210] task=pendulum alg=ps seed=5 ...
  -> cost=2.9059, wall_time=0.67s
[7/210] task=pendulum alg=ps seed=6 ...
  -> cost=2.6240, wall_time=0.66s
[8/210] task=pendulum alg=ps seed=7 ...
  -> cost=2.2122, wall_time=0.67s
[9/210] task=pendulum alg=ps seed=8 ...
  -> cost=2.1197, wall_time=0.75s
[10/210] task=pendulum alg=ps seed=9 ...
  -> cost=9.4879, wall_time=0.67s
[11/210] task=pendulum alg=mppi seed=0 ...
  -> cost=2.4353, wall_time=0.68s
[12/210] task=pendulum alg=mppi seed=1 ...
  -> cost=2.6852, wall_time=0.67s
[13/210] task=pendulum alg=mppi seed=2 ...
  -> cost=5.4735, wall_time=0.65s
[14/210] task=pendulum alg=mppi seed=3 ...
  -> cost=0.0111, wall_time=0.68s
[15/210] task=pendulum alg=mppi seed=4 ...
  -> cost=11.8059, wall_time=0.68s
[16/210] task=pendulum alg=mppi seed=5 ...
  -> cost=2.9564, wall_time=0.69s
[17/210] task=pendulum alg=mppi seed=6 ...
  -> cost=2.7470, wall_time=0.70s
[18/210] task=pendulum alg=mppi seed=7 ...
  -> cost=2.3928, wall_time=0.67s
[19/210] task=pendulum alg=mppi seed=8 ...
  -> cost=2.2730, wall_time=0.68s
[20/210] task=pendulum alg=mppi seed=9 ...
  -> cost=10.8470, wall_time=0.66s
[21/210] task=pendulum alg=cem seed=0 ...
  -> cost=2.3422, wall_time=2.80s
[22/210] task=pendulum alg=cem seed=1 ...
  -> cost=2.7278, wall_time=0.71s
[23/210] task=pendulum alg=cem seed=2 ...
  -> cost=5.5757, wall_time=0.71s
[24/210] task=pendulum alg=cem seed=3 ...
  -> cost=0.0497, wall_time=0.69s
[25/210] task=pendulum alg=cem seed=4 ...
  -> cost=11.2007, wall_time=0.69s
[26/210] task=pendulum alg=cem seed=5 ...
  -> cost=3.0407, wall_time=0.71s
[27/210] task=pendulum alg=cem seed=6 ...
  -> cost=2.6717, wall_time=0.70s
[28/210] task=pendulum alg=cem seed=7 ...
  -> cost=2.2378, wall_time=0.70s
[29/210] task=pendulum alg=cem seed=8 ...
  -> cost=2.1410, wall_time=0.71s
[30/210] task=pendulum alg=cem seed=9 ...
  -> cost=10.4985, wall_time=0.69s
[31/210] task=pendulum alg=dial seed=0 ...
  -> cost=2.5683, wall_time=2.49s
[32/210] task=pendulum alg=dial seed=1 ...
  -> cost=2.8645, wall_time=0.69s
[33/210] task=pendulum alg=dial seed=2 ...
  -> cost=6.1204, wall_time=0.69s
[34/210] task=pendulum alg=dial seed=3 ...
  -> cost=0.0241, wall_time=0.67s
[35/210] task=pendulum alg=dial seed=4 ...
  -> cost=11.2797, wall_time=0.69s
[36/210] task=pendulum alg=dial seed=5 ...
  -> cost=5.7187, wall_time=0.67s
[37/210] task=pendulum alg=dial seed=6 ...
  -> cost=2.8526, wall_time=0.68s
[38/210] task=pendulum alg=dial seed=7 ...
  -> cost=2.4725, wall_time=0.75s
[39/210] task=pendulum alg=dial seed=8 ...
  -> cost=2.2883, wall_time=0.67s
[40/210] task=pendulum alg=dial seed=9 ...
  -> cost=10.8551, wall_time=0.67s
[41/210] task=pendulum alg=cmaes seed=0 ...
  -> cost=2.2728, wall_time=4.33s
[42/210] task=pendulum alg=cmaes seed=1 ...
  -> cost=2.6834, wall_time=2.05s
[43/210] task=pendulum alg=cmaes seed=2 ...
  -> cost=5.6443, wall_time=1.93s
[44/210] task=pendulum alg=cmaes seed=3 ...
  -> cost=0.0008, wall_time=2.07s
[45/210] task=pendulum alg=cmaes seed=4 ...
  -> cost=8.6290, wall_time=2.04s
[46/210] task=pendulum alg=cmaes seed=5 ...
  -> cost=5.3256, wall_time=1.94s
[47/210] task=pendulum alg=cmaes seed=6 ...
  -> cost=2.6542, wall_time=1.96s
[48/210] task=pendulum alg=cmaes seed=7 ...
  -> cost=2.3279, wall_time=2.08s
[49/210] task=pendulum alg=cmaes seed=8 ...
  -> cost=2.2340, wall_time=2.07s
[50/210] task=pendulum alg=cmaes seed=9 ...
  -> cost=11.0864, wall_time=1.99s
[51/210] task=pendulum alg=mppi_cma seed=0 ...
  -> cost=2.4917, wall_time=2.63s
[52/210] task=pendulum alg=mppi_cma seed=1 ...
  -> cost=2.7863, wall_time=0.69s
[53/210] task=pendulum alg=mppi_cma seed=2 ...
  -> cost=8.6928, wall_time=0.68s
[54/210] task=pendulum alg=mppi_cma seed=3 ...
  -> cost=0.0381, wall_time=0.69s
[55/210] task=pendulum alg=mppi_cma seed=4 ...
  -> cost=11.6546, wall_time=0.69s
[56/210] task=pendulum alg=mppi_cma seed=5 ...
  -> cost=3.0911, wall_time=0.81s
[57/210] task=pendulum alg=mppi_cma seed=6 ...
  -> cost=2.7787, wall_time=0.68s
[58/210] task=pendulum alg=mppi_cma seed=7 ...
  -> cost=2.4673, wall_time=0.68s
[59/210] task=pendulum alg=mppi_cma seed=8 ...
  -> cost=2.3021, wall_time=0.80s
[60/210] task=pendulum alg=mppi_cma seed=9 ...
  -> cost=11.5979, wall_time=0.70s
[61/210] task=pendulum alg=er_cma seed=0 ...
  -> cost=2.3815, wall_time=0.70s
[62/210] task=pendulum alg=er_cma seed=1 ...
  -> cost=2.6958, wall_time=0.69s
[63/210] task=pendulum alg=er_cma seed=2 ...
  -> cost=6.2929, wall_time=0.70s
[64/210] task=pendulum alg=er_cma seed=3 ...
  -> cost=0.0402, wall_time=0.70s
[65/210] task=pendulum alg=er_cma seed=4 ...
  -> cost=11.5775, wall_time=0.69s
[66/210] task=pendulum alg=er_cma seed=5 ...
  -> cost=2.9841, wall_time=0.69s
[67/210] task=pendulum alg=er_cma seed=6 ...
  -> cost=2.7398, wall_time=0.68s
[68/210] task=pendulum alg=er_cma seed=7 ...
  -> cost=2.3895, wall_time=0.79s
[69/210] task=pendulum alg=er_cma seed=8 ...
  -> cost=2.3084, wall_time=0.70s
[70/210] task=pendulum alg=er_cma seed=9 ...
  -> cost=10.8295, wall_time=0.69s
[71/210] task=particle alg=ps seed=0 ...
  -> cost=0.2644, wall_time=4.09s
[72/210] task=particle alg=ps seed=1 ...
  -> cost=0.0464, wall_time=0.90s
[73/210] task=particle alg=ps seed=2 ...
  -> cost=0.1960, wall_time=0.92s
[74/210] task=particle alg=ps seed=3 ...
  -> cost=0.1034, wall_time=0.92s
[75/210] task=particle alg=ps seed=4 ...
  -> cost=0.1522, wall_time=0.91s
[76/210] task=particle alg=ps seed=5 ...
  -> cost=0.1635, wall_time=0.92s
[77/210] task=particle alg=ps seed=6 ...
  -> cost=0.0528, wall_time=0.95s
[78/210] task=particle alg=ps seed=7 ...
  -> cost=0.1907, wall_time=1.05s
[79/210] task=particle alg=ps seed=8 ...
  -> cost=0.4008, wall_time=0.94s
[80/210] task=particle alg=ps seed=9 ...
  -> cost=0.0505, wall_time=0.93s
[81/210] task=particle alg=mppi seed=0 ...
  -> cost=0.4009, wall_time=4.11s
[82/210] task=particle alg=mppi seed=1 ...
  -> cost=0.1818, wall_time=0.96s
[83/210] task=particle alg=mppi seed=2 ...
  -> cost=0.2653, wall_time=0.99s
[84/210] task=particle alg=mppi seed=3 ...
  -> cost=0.1311, wall_time=0.96s
[85/210] task=particle alg=mppi seed=4 ...
  -> cost=0.2959, wall_time=0.93s
[86/210] task=particle alg=mppi seed=5 ...
  -> cost=0.2522, wall_time=0.95s
[87/210] task=particle alg=mppi seed=6 ...
  -> cost=0.1892, wall_time=0.94s
[88/210] task=particle alg=mppi seed=7 ...
  -> cost=0.3173, wall_time=1.10s
[89/210] task=particle alg=mppi seed=8 ...
  -> cost=0.6049, wall_time=0.95s
[90/210] task=particle alg=mppi seed=9 ...
  -> cost=0.1396, wall_time=0.93s
[91/210] task=particle alg=cem seed=0 ...
  -> cost=0.2869, wall_time=4.40s
[92/210] task=particle alg=cem seed=1 ...
  -> cost=0.0309, wall_time=0.94s
[93/210] task=particle alg=cem seed=2 ...
  -> cost=0.1784, wall_time=0.97s
[94/210] task=particle alg=cem seed=3 ...
  -> cost=0.0984, wall_time=0.98s
[95/210] task=particle alg=cem seed=4 ...
  -> cost=0.1310, wall_time=0.99s
[96/210] task=particle alg=cem seed=5 ...
  -> cost=0.1323, wall_time=0.94s
[97/210] task=particle alg=cem seed=6 ...
  -> cost=0.0357, wall_time=0.95s
[98/210] task=particle alg=cem seed=7 ...
  -> cost=0.1867, wall_time=0.93s
[99/210] task=particle alg=cem seed=8 ...
  -> cost=0.4215, wall_time=0.95s
[100/210] task=particle alg=cem seed=9 ...
  -> cost=0.0333, wall_time=0.94s
[101/210] task=particle alg=dial seed=0 ...
  -> cost=0.5258, wall_time=4.19s
[102/210] task=particle alg=dial seed=1 ...
  -> cost=0.1356, wall_time=0.93s
[103/210] task=particle alg=dial seed=2 ...
  -> cost=0.3889, wall_time=0.93s
[104/210] task=particle alg=dial seed=3 ...
  -> cost=0.1796, wall_time=0.93s
[105/210] task=particle alg=dial seed=4 ...
  -> cost=0.3023, wall_time=0.93s
[106/210] task=particle alg=dial seed=5 ...
  -> cost=0.2867, wall_time=0.91s
[107/210] task=particle alg=dial seed=6 ...
  -> cost=0.1604, wall_time=0.93s
[108/210] task=particle alg=dial seed=7 ...
  -> cost=0.3966, wall_time=0.92s
[109/210] task=particle alg=dial seed=8 ...
  -> cost=0.9432, wall_time=0.93s
[110/210] task=particle alg=dial seed=9 ...
  -> cost=0.1573, wall_time=0.93s
[111/210] task=particle alg=cmaes seed=0 ...
  -> cost=0.2546, wall_time=6.11s
[112/210] task=particle alg=cmaes seed=1 ...
  -> cost=0.0271, wall_time=2.59s
[113/210] task=particle alg=cmaes seed=2 ...
  -> cost=0.1760, wall_time=2.58s
[114/210] task=particle alg=cmaes seed=3 ...
  -> cost=0.0863, wall_time=2.58s
[115/210] task=particle alg=cmaes seed=4 ...
  -> cost=0.1192, wall_time=2.45s
[116/210] task=particle alg=cmaes seed=5 ...
  -> cost=0.1296, wall_time=2.56s
[117/210] task=particle alg=cmaes seed=6 ...
  -> cost=0.0345, wall_time=2.46s
[118/210] task=particle alg=cmaes seed=7 ...
  -> cost=0.1725, wall_time=2.61s
[119/210] task=particle alg=cmaes seed=8 ...
  -> cost=0.3972, wall_time=2.44s
[120/210] task=particle alg=cmaes seed=9 ...
  -> cost=0.0265, wall_time=2.59s
[121/210] task=particle alg=mppi_cma seed=0 ...
  -> cost=0.4132, wall_time=4.29s
[122/210] task=particle alg=mppi_cma seed=1 ...
  -> cost=0.1801, wall_time=0.97s
[123/210] task=particle alg=mppi_cma seed=2 ...
  -> cost=0.2644, wall_time=0.98s
[124/210] task=particle alg=mppi_cma seed=3 ...
  -> cost=0.1288, wall_time=1.00s
[125/210] task=particle alg=mppi_cma seed=4 ...
  -> cost=0.3055, wall_time=0.99s
[126/210] task=particle alg=mppi_cma seed=5 ...
  -> cost=0.2589, wall_time=1.01s
[127/210] task=particle alg=mppi_cma seed=6 ...
  -> cost=0.2039, wall_time=0.97s
[128/210] task=particle alg=mppi_cma seed=7 ...
  -> cost=0.3268, wall_time=0.98s
[129/210] task=particle alg=mppi_cma seed=8 ...
  -> cost=0.6203, wall_time=0.98s
[130/210] task=particle alg=mppi_cma seed=9 ...
  -> cost=0.1365, wall_time=0.97s
[131/210] task=particle alg=er_cma seed=0 ...
  -> cost=0.3576, wall_time=4.29s
[132/210] task=particle alg=er_cma seed=1 ...
  -> cost=0.0595, wall_time=0.98s
[133/210] task=particle alg=er_cma seed=2 ...
  -> cost=0.2370, wall_time=0.98s
[134/210] task=particle alg=er_cma seed=3 ...
  -> cost=0.1224, wall_time=0.98s
[135/210] task=particle alg=er_cma seed=4 ...
  -> cost=0.1789, wall_time=0.98s
[136/210] task=particle alg=er_cma seed=5 ...
  -> cost=0.1854, wall_time=0.98s
[137/210] task=particle alg=er_cma seed=6 ...
  -> cost=0.0736, wall_time=0.97s
[138/210] task=particle alg=er_cma seed=7 ...
  -> cost=0.2394, wall_time=1.00s
[139/210] task=particle alg=er_cma seed=8 ...
  -> cost=0.5680, wall_time=0.99s
[140/210] task=particle alg=er_cma seed=9 ...
  -> cost=0.0587, wall_time=0.98s
[141/210] task=cart_pole alg=ps seed=0 ...
  -> cost=2.5709, wall_time=6.65s
[142/210] task=cart_pole alg=ps seed=1 ...
  -> cost=5.3047, wall_time=6.84s
[143/210] task=cart_pole alg=ps seed=2 ...
  -> cost=3.4006, wall_time=6.72s
[144/210] task=cart_pole alg=ps seed=3 ...
  -> cost=0.4524, wall_time=6.72s
[145/210] task=cart_pole alg=ps seed=4 ...
  -> cost=3.0683, wall_time=6.75s
[146/210] task=cart_pole alg=ps seed=5 ...
  -> cost=2.5723, wall_time=6.71s
[147/210] task=cart_pole alg=ps seed=6 ...
  -> cost=1.4465, wall_time=6.70s
[148/210] task=cart_pole alg=ps seed=7 ...
  -> cost=5.1426, wall_time=6.68s
[149/210] task=cart_pole alg=ps seed=8 ...
  -> cost=6.8917, wall_time=6.68s
[150/210] task=cart_pole alg=ps seed=9 ...
  -> cost=2.6523, wall_time=6.70s
[151/210] task=cart_pole alg=mppi seed=0 ...
  -> cost=3.3626, wall_time=6.95s
[152/210] task=cart_pole alg=mppi seed=1 ...
  -> cost=5.1858, wall_time=6.91s
[153/210] task=cart_pole alg=mppi seed=2 ...
  -> cost=3.7877, wall_time=6.90s
[154/210] task=cart_pole alg=mppi seed=3 ...
  -> cost=0.1806, wall_time=7.15s
[155/210] task=cart_pole alg=mppi seed=4 ...
  -> cost=2.8064, wall_time=6.96s
[156/210] task=cart_pole alg=mppi seed=5 ...
  -> cost=2.7654, wall_time=6.90s
[157/210] task=cart_pole alg=mppi seed=6 ...
  -> cost=1.7041, wall_time=6.92s
[158/210] task=cart_pole alg=mppi seed=7 ...
  -> cost=5.6663, wall_time=6.97s
[159/210] task=cart_pole alg=mppi seed=8 ...
  -> cost=7.1654, wall_time=7.03s
[160/210] task=cart_pole alg=mppi seed=9 ...
  -> cost=3.2425, wall_time=6.90s
[161/210] task=cart_pole alg=cem seed=0 ...
  -> cost=3.4937, wall_time=6.86s
[162/210] task=cart_pole alg=cem seed=1 ...
  -> cost=2.9035, wall_time=6.82s
[163/210] task=cart_pole alg=cem seed=2 ...
  -> cost=6.7636, wall_time=6.91s
[164/210] task=cart_pole alg=cem seed=3 ...
  -> cost=0.6640, wall_time=6.88s
[165/210] task=cart_pole alg=cem seed=4 ...
  -> cost=2.9587, wall_time=6.87s
[166/210] task=cart_pole alg=cem seed=5 ...
  -> cost=2.8106, wall_time=6.88s
[167/210] task=cart_pole alg=cem seed=6 ...
  -> cost=3.2471, wall_time=6.84s
[168/210] task=cart_pole alg=cem seed=7 ...
  -> cost=7.2985, wall_time=6.89s
[169/210] task=cart_pole alg=cem seed=8 ...
  -> cost=7.2663, wall_time=6.87s
[170/210] task=cart_pole alg=cem seed=9 ...
  -> cost=2.6628, wall_time=6.93s
[171/210] task=cart_pole alg=dial seed=0 ...
  -> cost=2.6365, wall_time=6.89s
[172/210] task=cart_pole alg=dial seed=1 ...
  -> cost=2.7934, wall_time=6.84s
[173/210] task=cart_pole alg=dial seed=2 ...
  -> cost=3.6180, wall_time=6.88s
[174/210] task=cart_pole alg=dial seed=3 ...
  -> cost=0.3704, wall_time=7.02s
[175/210] task=cart_pole alg=dial seed=4 ...
  -> cost=2.7665, wall_time=6.85s
[176/210] task=cart_pole alg=dial seed=5 ...
  -> cost=2.6552, wall_time=6.87s
[177/210] task=cart_pole alg=dial seed=6 ...
  -> cost=2.6700, wall_time=6.84s
[178/210] task=cart_pole alg=dial seed=7 ...
  -> cost=5.1601, wall_time=7.07s
[179/210] task=cart_pole alg=dial seed=8 ...
  -> cost=6.9968, wall_time=6.82s
[180/210] task=cart_pole alg=dial seed=9 ...
  -> cost=2.6237, wall_time=7.02s
[181/210] task=cart_pole alg=cmaes seed=0 ...
  -> cost=8.8601, wall_time=9.28s
[182/210] task=cart_pole alg=cmaes seed=1 ...
  -> cost=8.2590, wall_time=9.30s
[183/210] task=cart_pole alg=cmaes seed=2 ...
  -> cost=11.4444, wall_time=9.28s
[184/210] task=cart_pole alg=cmaes seed=3 ...
  -> cost=5.2689, wall_time=9.35s
[185/210] task=cart_pole alg=cmaes seed=4 ...
  -> cost=6.0942, wall_time=9.22s
[186/210] task=cart_pole alg=cmaes seed=5 ...
  -> cost=7.6486, wall_time=9.16s
[187/210] task=cart_pole alg=cmaes seed=6 ...
  -> cost=8.2761, wall_time=9.61s
[188/210] task=cart_pole alg=cmaes seed=7 ...
  -> cost=12.5193, wall_time=9.69s
[189/210] task=cart_pole alg=cmaes seed=8 ...
  -> cost=10.7989, wall_time=9.66s
[190/210] task=cart_pole alg=cmaes seed=9 ...
  -> cost=9.7120, wall_time=9.60s
[191/210] task=cart_pole alg=mppi_cma seed=0 ...
  -> cost=2.5819, wall_time=6.94s
[192/210] task=cart_pole alg=mppi_cma seed=1 ...
  -> cost=5.1591, wall_time=6.97s
[193/210] task=cart_pole alg=mppi_cma seed=2 ...
  -> cost=3.2337, wall_time=7.08s
[194/210] task=cart_pole alg=mppi_cma seed=3 ...
  -> cost=0.1013, wall_time=7.05s
[195/210] task=cart_pole alg=mppi_cma seed=4 ...
  -> cost=2.5258, wall_time=7.00s
[196/210] task=cart_pole alg=mppi_cma seed=5 ...
  -> cost=2.5357, wall_time=7.06s
[197/210] task=cart_pole alg=mppi_cma seed=6 ...
  -> cost=1.3466, wall_time=6.99s
[198/210] task=cart_pole alg=mppi_cma seed=7 ...
  -> cost=5.2655, wall_time=6.98s
[199/210] task=cart_pole alg=mppi_cma seed=8 ...
  -> cost=6.9117, wall_time=7.08s
[200/210] task=cart_pole alg=mppi_cma seed=9 ...
  -> cost=2.5884, wall_time=7.20s
[201/210] task=cart_pole alg=er_cma seed=0 ...
  -> cost=2.6050, wall_time=6.94s
[202/210] task=cart_pole alg=er_cma seed=1 ...
  -> cost=5.1135, wall_time=7.02s
[203/210] task=cart_pole alg=er_cma seed=2 ...
  -> cost=3.2054, wall_time=6.95s
[204/210] task=cart_pole alg=er_cma seed=3 ...
  -> cost=0.1597, wall_time=6.96s
[205/210] task=cart_pole alg=er_cma seed=4 ...
  -> cost=2.5993, wall_time=6.96s
[206/210] task=cart_pole alg=er_cma seed=5 ...
  -> cost=2.4588, wall_time=7.02s
[207/210] task=cart_pole alg=er_cma seed=6 ...
  -> cost=1.6950, wall_time=6.87s
[208/210] task=cart_pole alg=er_cma seed=7 ...
  -> cost=5.2046, wall_time=6.95s
[209/210] task=cart_pole alg=er_cma seed=8 ...
  -> cost=6.8852, wall_time=6.99s
[210/210] task=cart_pole alg=er_cma seed=9 ...
  -> cost=2.5691, wall_time=7.17s
Done. 210 trials in 1435.2s. Output: /home/vkurtz/projects/hydrax/results/closed_loop_simple.csv
