[1/70] task=pendulum alg=ps seed=0 ...
  -> cost=8.5598, wall_time=0.74s
[2/70] task=pendulum alg=ps seed=1 ...
  -> cost=8.8950, wall_time=0.69s
[3/70] task=pendulum alg=ps seed=2 ...
  -> cost=9.2841, wall_time=0.70s
[4/70] task=pendulum alg=ps seed=3 ...
  -> cost=9.0600, wall_time=0.79s
[5/70] task=pendulum alg=ps seed=4 ...
  -> cost=8.7561, wall_time=0.69s
[6/70] task=pendulum alg=ps seed=5 ...
  -> cost=8.9782, wall_time=0.70s
[7/70] task=pendulum alg=ps seed=6 ...
  -> cost=8.4828, wall_time=0.70s
[8/70] task=pendulum alg=ps seed=7 ...
  -> cost=8.3787, wall_time=0.70s
[9/70] task=pendulum alg=ps seed=8 ...
  -> cost=9.3008, wall_time=0.79s
[10/70] task=pendulum alg=ps seed=9 ...
  -> cost=8.6968, wall_time=0.69s
[11/70] task=pendulum alg=mppi seed=0 ...
  -> cost=9.6316, wall_time=0.69s
[12/70] task=pendulum alg=mppi seed=1 ...
  -> cost=9.8868, wall_time=0.70s
[13/70] task=pendulum alg=mppi seed=2 ...
  -> cost=9.7484, wall_time=0.69s
[14/70] task=pendulum alg=mppi seed=3 ...
  -> cost=9.9549, wall_time=0.69s
[15/70] task=pendulum alg=mppi seed=4 ...
  -> cost=10.0256, wall_time=0.70s
[16/70] task=pendulum alg=mppi seed=5 ...
  -> cost=9.9284, wall_time=0.69s
[17/70] task=pendulum alg=mppi seed=6 ...
  -> cost=10.6033, wall_time=0.69s
[18/70] task=pendulum alg=mppi seed=7 ...
  -> cost=10.1967, wall_time=0.68s
[19/70] task=pendulum alg=mppi seed=8 ...
  -> cost=9.8741, wall_time=0.69s
[20/70] task=pendulum alg=mppi seed=9 ...
  -> cost=10.4910, wall_time=0.70s
[21/70] task=pendulum alg=cem seed=0 ...
  -> cost=9.7635, wall_time=0.80s
[22/70] task=pendulum alg=cem seed=1 ...
  -> cost=9.3079, wall_time=0.72s
[23/70] task=pendulum alg=cem seed=2 ...
  -> cost=9.2847, wall_time=0.72s
[24/70] task=pendulum alg=cem seed=3 ...
  -> cost=9.3323, wall_time=0.72s
[25/70] task=pendulum alg=cem seed=4 ...
  -> cost=9.7655, wall_time=0.72s
[26/70] task=pendulum alg=cem seed=5 ...
  -> cost=10.3548, wall_time=0.72s
[27/70] task=pendulum alg=cem seed=6 ...
  -> cost=9.4232, wall_time=0.71s
[28/70] task=pendulum alg=cem seed=7 ...
  -> cost=9.4107, wall_time=0.72s
[29/70] task=pendulum alg=cem seed=8 ...
  -> cost=9.8425, wall_time=0.72s
[30/70] task=pendulum alg=cem seed=9 ...
  -> cost=8.9508, wall_time=0.72s
[31/70] task=pendulum alg=dial seed=0 ...
  -> cost=11.1540, wall_time=0.69s
[32/70] task=pendulum alg=dial seed=1 ...
  -> cost=11.7208, wall_time=0.70s
[33/70] task=pendulum alg=dial seed=2 ...
  -> cost=11.6884, wall_time=0.69s
[34/70] task=pendulum alg=dial seed=3 ...
  -> cost=11.0472, wall_time=0.69s
[35/70] task=pendulum alg=dial seed=4 ...
  -> cost=11.4293, wall_time=0.69s
[36/70] task=pendulum alg=dial seed=5 ...
  -> cost=11.7581, wall_time=0.69s
[37/70] task=pendulum alg=dial seed=6 ...
  -> cost=11.6724, wall_time=0.69s
[38/70] task=pendulum alg=dial seed=7 ...
  -> cost=11.8410, wall_time=0.78s
[39/70] task=pendulum alg=dial seed=8 ...
  -> cost=11.2280, wall_time=0.69s
[40/70] task=pendulum alg=dial seed=9 ...
  -> cost=11.8478, wall_time=0.69s
[41/70] task=pendulum alg=cmaes seed=0 ...
  -> cost=9.2496, wall_time=2.12s
[42/70] task=pendulum alg=cmaes seed=1 ...
  -> cost=9.0051, wall_time=2.11s
[43/70] task=pendulum alg=cmaes seed=2 ...
  -> cost=9.8081, wall_time=2.01s
[44/70] task=pendulum alg=cmaes seed=3 ...
  -> cost=10.8084, wall_time=2.13s
[45/70] task=pendulum alg=cmaes seed=4 ...
  -> cost=9.6903, wall_time=2.12s
[46/70] task=pendulum alg=cmaes seed=5 ...
  -> cost=9.4621, wall_time=2.04s
[47/70] task=pendulum alg=cmaes seed=6 ...
  -> cost=10.5958, wall_time=2.03s
[48/70] task=pendulum alg=cmaes seed=7 ...
  -> cost=10.8835, wall_time=2.13s
[49/70] task=pendulum alg=cmaes seed=8 ...
  -> cost=11.2315, wall_time=2.13s
[50/70] task=pendulum alg=cmaes seed=9 ...
  -> cost=10.6322, wall_time=2.03s
[51/70] task=pendulum alg=mppi_cma seed=0 ...
  -> cost=10.8595, wall_time=2.72s
[52/70] task=pendulum alg=mppi_cma seed=1 ...
  -> cost=10.8988, wall_time=0.72s
[53/70] task=pendulum alg=mppi_cma seed=2 ...
  -> cost=11.5301, wall_time=0.71s
[54/70] task=pendulum alg=mppi_cma seed=3 ...
  -> cost=11.4231, wall_time=0.71s
[55/70] task=pendulum alg=mppi_cma seed=4 ...
  -> cost=11.5137, wall_time=0.72s
[56/70] task=pendulum alg=mppi_cma seed=5 ...
  -> cost=11.0980, wall_time=0.83s
[57/70] task=pendulum alg=mppi_cma seed=6 ...
  -> cost=10.7376, wall_time=0.70s
[58/70] task=pendulum alg=mppi_cma seed=7 ...
  -> cost=10.9482, wall_time=0.70s
[59/70] task=pendulum alg=mppi_cma seed=8 ...
  -> cost=11.3752, wall_time=0.82s
[60/70] task=pendulum alg=mppi_cma seed=9 ...
  -> cost=11.0156, wall_time=0.70s
[61/70] task=pendulum alg=er_cma seed=0 ...
  -> cost=10.1728, wall_time=0.71s
[62/70] task=pendulum alg=er_cma seed=1 ...
  -> cost=10.1831, wall_time=0.72s
[63/70] task=pendulum alg=er_cma seed=2 ...
  -> cost=10.4656, wall_time=0.71s
[64/70] task=pendulum alg=er_cma seed=3 ...
  -> cost=10.5353, wall_time=0.71s
[65/70] task=pendulum alg=er_cma seed=4 ...
  -> cost=10.2446, wall_time=0.70s
[66/70] task=pendulum alg=er_cma seed=5 ...
  -> cost=10.3149, wall_time=0.71s
[67/70] task=pendulum alg=er_cma seed=6 ...
  -> cost=10.5514, wall_time=0.71s
[68/70] task=pendulum alg=er_cma seed=7 ...
  -> cost=10.5109, wall_time=0.81s
[69/70] task=pendulum alg=er_cma seed=8 ...
  -> cost=10.5646, wall_time=0.71s
[70/70] task=pendulum alg=er_cma seed=9 ...
  -> cost=10.4416, wall_time=0.71s
Done. 70 trials in 188.6s. Output: /home/vkurtz/projects/hydrax/results/pendulum_swingup.csv
