[1/420] task=cart_pole alg=ps seed=0 ...
  -> cost=2.5709, wall_time=6.65s
[2/420] task=cart_pole alg=ps seed=1 ...
  -> cost=5.3047, wall_time=6.67s
[3/420] task=cart_pole alg=ps seed=2 ...
  -> cost=3.4006, wall_time=6.70s
[4/420] task=cart_pole alg=ps seed=3 ...
  -> cost=0.4524, wall_time=6.74s
[5/420] task=cart_pole alg=ps seed=4 ...
  -> cost=3.0683, wall_time=6.62s
[6/420] task=cart_pole alg=ps seed=5 ...
  -> cost=2.5723, wall_time=6.60s
[7/420] task=cart_pole alg=ps seed=6 ...
  -> cost=1.4465, wall_time=6.66s
[8/420] task=cart_pole alg=ps seed=7 ...
  -> cost=5.1426, wall_time=6.65s
[9/420] task=cart_pole alg=ps seed=8 ...
  -> cost=6.8917, wall_time=6.64s
[10/420] task=cart_pole alg=ps seed=9 ...
  -> cost=2.6523, wall_time=6.62s
[11/420] task=cart_pole alg=mppi seed=0 ...
  -> cost=3.3626, wall_time=6.88s
[12/420] task=cart_pole alg=mppi seed=1 ...
  -> cost=5.1858, wall_time=6.82s
[13/420] task=cart_pole alg=mppi seed=2 ...
  -> cost=3.7877, wall_time=6.79s
[14/420] task=cart_pole alg=mppi seed=3 ...
  -> cost=0.1806, wall_time=6.76s
[15/420] task=cart_pole alg=mppi seed=4 ...
  -> cost=2.8064, wall_time=6.77s
[16/420] task=cart_pole alg=mppi seed=5 ...
  -> cost=2.7654, wall_time=6.79s
[17/420] task=cart_pole alg=mppi seed=6 ...
  -> cost=1.7041, wall_time=6.90s
[18/420] task=cart_pole alg=mppi seed=7 ...
  -> cost=5.6663, wall_time=6.85s
[19/420] task=cart_pole alg=mppi seed=8 ...
  -> cost=7.1654, wall_time=6.83s
[20/420] task=cart_pole alg=mppi seed=9 ...
  -> cost=3.2425, wall_time=6.80s
[21/420] task=cart_pole alg=cem seed=0 ...
  -> cost=3.4937, wall_time=6.86s
[22/420] task=cart_pole alg=cem seed=1 ...
  -> cost=2.9035, wall_time=6.93s
[23/420] task=cart_pole alg=cem seed=2 ...
  -> cost=6.7636, wall_time=7.08s
[24/420] task=cart_pole alg=cem seed=3 ...
  -> cost=0.6640, wall_time=6.88s
[25/420] task=cart_pole alg=cem seed=4 ...
  -> cost=2.9587, wall_time=6.82s
[26/420] task=cart_pole alg=cem seed=5 ...
  -> cost=2.8106, wall_time=6.94s
[27/420] task=cart_pole alg=cem seed=6 ...
  -> cost=3.2471, wall_time=6.87s
[28/420] task=cart_pole alg=cem seed=7 ...
  -> cost=7.2985, wall_time=7.17s
[29/420] task=cart_pole alg=cem seed=8 ...
  -> cost=7.2663, wall_time=6.91s
[30/420] task=cart_pole alg=cem seed=9 ...
  -> cost=2.6628, wall_time=6.91s
[31/420] task=cart_pole alg=dial seed=0 ...
  -> cost=2.6365, wall_time=6.90s
[32/420] task=cart_pole alg=dial seed=1 ...
  -> cost=2.7934, wall_time=6.90s
[33/420] task=cart_pole alg=dial seed=2 ...
  -> cost=3.6180, wall_time=6.93s
[34/420] task=cart_pole alg=dial seed=3 ...
  -> cost=0.3704, wall_time=7.03s
[35/420] task=cart_pole alg=dial seed=4 ...
  -> cost=2.7665, wall_time=6.85s
[36/420] task=cart_pole alg=dial seed=5 ...
  -> cost=2.6552, wall_time=6.82s
[37/420] task=cart_pole alg=dial seed=6 ...
  -> cost=2.6700, wall_time=6.85s
[38/420] task=cart_pole alg=dial seed=7 ...
  -> cost=5.1601, wall_time=6.88s
[39/420] task=cart_pole alg=dial seed=8 ...
  -> cost=6.9968, wall_time=6.84s
[40/420] task=cart_pole alg=dial seed=9 ...
  -> cost=2.6237, wall_time=6.83s
[41/420] task=cart_pole alg=cmaes seed=0 ...
  -> cost=10.2693, wall_time=9.15s
[42/420] task=cart_pole alg=cmaes seed=1 ...
  -> cost=5.6481, wall_time=9.17s
[43/420] task=cart_pole alg=cmaes seed=2 ...
  -> cost=12.6981, wall_time=9.10s
[44/420] task=cart_pole alg=cmaes seed=3 ...
  -> cost=8.5903, wall_time=9.11s
[45/420] task=cart_pole alg=cmaes seed=4 ...
  -> cost=7.0840, wall_time=9.25s
[46/420] task=cart_pole alg=cmaes seed=5 ...
  -> cost=7.8184, wall_time=9.15s
[47/420] task=cart_pole alg=cmaes seed=6 ...
  -> cost=9.4382, wall_time=9.13s
[48/420] task=cart_pole alg=cmaes seed=7 ...
  -> cost=13.6928, wall_time=9.10s
[49/420] task=cart_pole alg=cmaes seed=8 ...
  -> cost=13.2950, wall_time=9.11s
[50/420] task=cart_pole alg=cmaes seed=9 ...
  -> cost=9.4291, wall_time=9.28s
[51/420] task=cart_pole alg=mppi_cma seed=0 ...
  -> cost=2.5740, wall_time=6.96s
[52/420] task=cart_pole alg=mppi_cma seed=1 ...
  -> cost=5.1760, wall_time=6.87s
[53/420] task=cart_pole alg=mppi_cma seed=2 ...
  -> cost=3.2341, wall_time=6.89s
[54/420] task=cart_pole alg=mppi_cma seed=3 ...
  -> cost=0.0991, wall_time=6.94s
[55/420] task=cart_pole alg=mppi_cma seed=4 ...
  -> cost=2.5282, wall_time=6.95s
[56/420] task=cart_pole alg=mppi_cma seed=5 ...
  -> cost=2.5415, wall_time=7.02s
[57/420] task=cart_pole alg=mppi_cma seed=6 ...
  -> cost=1.3551, wall_time=6.97s
[58/420] task=cart_pole alg=mppi_cma seed=7 ...
  -> cost=5.2606, wall_time=7.10s
[59/420] task=cart_pole alg=mppi_cma seed=8 ...
  -> cost=6.9101, wall_time=6.98s
[60/420] task=cart_pole alg=mppi_cma seed=9 ...
  -> cost=2.5894, wall_time=6.91s
[61/420] task=cart_pole alg=er_cma seed=0 ...
  -> cost=2.6050, wall_time=6.91s
[62/420] task=cart_pole alg=er_cma seed=1 ...
  -> cost=5.1135, wall_time=6.84s
[63/420] task=cart_pole alg=er_cma seed=2 ...
  -> cost=3.2054, wall_time=6.90s
[64/420] task=cart_pole alg=er_cma seed=3 ...
  -> cost=0.1597, wall_time=6.95s
[65/420] task=cart_pole alg=er_cma seed=4 ...
  -> cost=2.5993, wall_time=7.00s
[66/420] task=cart_pole alg=er_cma seed=5 ...
  -> cost=2.4588, wall_time=6.95s
[67/420] task=cart_pole alg=er_cma seed=6 ...
  -> cost=1.6950, wall_time=6.92s
[68/420] task=cart_pole alg=er_cma seed=7 ...
  -> cost=5.2046, wall_time=7.10s
[69/420] task=cart_pole alg=er_cma seed=8 ...
  -> cost=6.8852, wall_time=6.91s
[70/420] task=cart_pole alg=er_cma seed=9 ...
  -> cost=2.5691, wall_time=6.91s
[71/420] task=particle alg=ps seed=0 ...
  -> cost=0.2644, wall_time=0.95s
[72/420] task=particle alg=ps seed=1 ...
  -> cost=0.0464, wall_time=0.93s
[73/420] task=particle alg=ps seed=2 ...
  -> cost=0.1960, wall_time=1.10s
[74/420] task=particle alg=ps seed=3 ...
  -> cost=0.1034, wall_time=0.93s
[75/420] task=particle alg=ps seed=4 ...
  -> cost=0.1522, wall_time=0.93s
[76/420] task=particle alg=ps seed=5 ...
  -> cost=0.1635, wall_time=1.08s
[77/420] task=particle alg=ps seed=6 ...
  -> cost=0.0528, wall_time=0.94s
[78/420] task=particle alg=ps seed=7 ...
  -> cost=0.1907, wall_time=0.93s
[79/420] task=particle alg=ps seed=8 ...
  -> cost=0.4008, wall_time=1.15s
[80/420] task=particle alg=ps seed=9 ...
  -> cost=0.0505, wall_time=0.93s
[81/420] task=particle alg=mppi seed=0 ...
  -> cost=0.4009, wall_time=0.93s
[82/420] task=particle alg=mppi seed=1 ...
  -> cost=0.1818, wall_time=1.08s
[83/420] task=particle alg=mppi seed=2 ...
  -> cost=0.2653, wall_time=0.93s
[84/420] task=particle alg=mppi seed=3 ...
  -> cost=0.1311, wall_time=0.92s
[85/420] task=particle alg=mppi seed=4 ...
  -> cost=0.2959, wall_time=0.93s
[86/420] task=particle alg=mppi seed=5 ...
  -> cost=0.2522, wall_time=0.94s
[87/420] task=particle alg=mppi seed=6 ...
  -> cost=0.1892, wall_time=0.93s
[88/420] task=particle alg=mppi seed=7 ...
  -> cost=0.3173, wall_time=1.08s
[89/420] task=particle alg=mppi seed=8 ...
  -> cost=0.6049, wall_time=0.93s
[90/420] task=particle alg=mppi seed=9 ...
  -> cost=0.1396, wall_time=0.94s
[91/420] task=particle alg=cem seed=0 ...
  -> cost=0.2869, wall_time=0.95s
[92/420] task=particle alg=cem seed=1 ...
  -> cost=0.0309, wall_time=0.95s
[93/420] task=particle alg=cem seed=2 ...
  -> cost=0.1784, wall_time=0.95s
[94/420] task=particle alg=cem seed=3 ...
  -> cost=0.0984, wall_time=0.94s
[95/420] task=particle alg=cem seed=4 ...
  -> cost=0.1310, wall_time=0.94s
[96/420] task=particle alg=cem seed=5 ...
  -> cost=0.1323, wall_time=0.95s
[97/420] task=particle alg=cem seed=6 ...
  -> cost=0.0357, wall_time=0.95s
[98/420] task=particle alg=cem seed=7 ...
  -> cost=0.1867, wall_time=0.95s
[99/420] task=particle alg=cem seed=8 ...
  -> cost=0.4215, wall_time=0.95s
[100/420] task=particle alg=cem seed=9 ...
  -> cost=0.0333, wall_time=0.96s
[101/420] task=particle alg=dial seed=0 ...
  -> cost=0.5258, wall_time=0.95s
[102/420] task=particle alg=dial seed=1 ...
  -> cost=0.1356, wall_time=0.95s
[103/420] task=particle alg=dial seed=2 ...
  -> cost=0.3889, wall_time=0.94s
[104/420] task=particle alg=dial seed=3 ...
  -> cost=0.1796, wall_time=0.94s
[105/420] task=particle alg=dial seed=4 ...
  -> cost=0.3023, wall_time=1.10s
[106/420] task=particle alg=dial seed=5 ...
  -> cost=0.2867, wall_time=0.95s
[107/420] task=particle alg=dial seed=6 ...
  -> cost=0.1604, wall_time=0.92s
[108/420] task=particle alg=dial seed=7 ...
  -> cost=0.3966, wall_time=0.94s
[109/420] task=particle alg=dial seed=8 ...
  -> cost=0.9432, wall_time=0.94s
[110/420] task=particle alg=dial seed=9 ...
  -> cost=0.1573, wall_time=0.94s
[111/420] task=particle alg=cmaes seed=0 ...
  -> cost=0.2546, wall_time=2.64s
[112/420] task=particle alg=cmaes seed=1 ...
  -> cost=0.0271, wall_time=2.63s
[113/420] task=particle alg=cmaes seed=2 ...
  -> cost=0.1760, wall_time=2.79s
[114/420] task=particle alg=cmaes seed=3 ...
  -> cost=0.0863, wall_time=2.68s
[115/420] task=particle alg=cmaes seed=4 ...
  -> cost=0.1192, wall_time=2.67s
[116/420] task=particle alg=cmaes seed=5 ...
  -> cost=0.1296, wall_time=2.77s
[117/420] task=particle alg=cmaes seed=6 ...
  -> cost=0.0345, wall_time=2.74s
[118/420] task=particle alg=cmaes seed=7 ...
  -> cost=0.1725, wall_time=2.91s
[119/420] task=particle alg=cmaes seed=8 ...
  -> cost=0.3972, wall_time=2.79s
[120/420] task=particle alg=cmaes seed=9 ...
  -> cost=0.0265, wall_time=2.82s
[121/420] task=particle alg=mppi_cma seed=0 ...
  -> cost=0.4132, wall_time=4.51s
[122/420] task=particle alg=mppi_cma seed=1 ...
  -> cost=0.1801, wall_time=0.99s
[123/420] task=particle alg=mppi_cma seed=2 ...
  -> cost=0.2644, wall_time=0.98s
[124/420] task=particle alg=mppi_cma seed=3 ...
  -> cost=0.1288, wall_time=0.97s
[125/420] task=particle alg=mppi_cma seed=4 ...
  -> cost=0.3055, wall_time=0.97s
[126/420] task=particle alg=mppi_cma seed=5 ...
  -> cost=0.2589, wall_time=0.97s
[127/420] task=particle alg=mppi_cma seed=6 ...
  -> cost=0.2039, wall_time=0.97s
[128/420] task=particle alg=mppi_cma seed=7 ...
  -> cost=0.3268, wall_time=0.98s
[129/420] task=particle alg=mppi_cma seed=8 ...
  -> cost=0.6203, wall_time=0.98s
[130/420] task=particle alg=mppi_cma seed=9 ...
  -> cost=0.1365, wall_time=0.97s
[131/420] task=particle alg=er_cma seed=0 ...
  -> cost=0.3576, wall_time=0.99s
[132/420] task=particle alg=er_cma seed=1 ...
  -> cost=0.0595, wall_time=0.99s
[133/420] task=particle alg=er_cma seed=2 ...
  -> cost=0.2370, wall_time=1.00s
[134/420] task=particle alg=er_cma seed=3 ...
  -> cost=0.1224, wall_time=0.99s
[135/420] task=particle alg=er_cma seed=4 ...
  -> cost=0.1789, wall_time=0.99s
[136/420] task=particle alg=er_cma seed=5 ...
  -> cost=0.1854, wall_time=0.98s
[137/420] task=particle alg=er_cma seed=6 ...
  -> cost=0.0736, wall_time=0.98s
[138/420] task=particle alg=er_cma seed=7 ...
  -> cost=0.2394, wall_time=0.99s
[139/420] task=particle alg=er_cma seed=8 ...
  -> cost=0.5680, wall_time=0.98s
[140/420] task=particle alg=er_cma seed=9 ...
  -> cost=0.0587, wall_time=0.99s
[141/420] task=double_cart_pole alg=ps seed=0 ...
  -> cost=7.5163, wall_time=8.14s
[142/420] task=double_cart_pole alg=ps seed=1 ...
  -> cost=21.5130, wall_time=8.18s
[143/420] task=double_cart_pole alg=ps seed=2 ...
  -> cost=34.6229, wall_time=8.23s
[144/420] task=double_cart_pole alg=ps seed=3 ...
  -> cost=16.7520, wall_time=8.21s
[145/420] task=double_cart_pole alg=ps seed=4 ...
  -> cost=13.0999, wall_time=8.36s
[146/420] task=double_cart_pole alg=ps seed=5 ...
  -> cost=18.6151, wall_time=8.24s
[147/420] task=double_cart_pole alg=ps seed=6 ...
  -> cost=25.5131, wall_time=8.27s
[148/420] task=double_cart_pole alg=ps seed=7 ...
  -> cost=30.0786, wall_time=8.26s
[149/420] task=double_cart_pole alg=ps seed=8 ...
  -> cost=22.2373, wall_time=8.18s
[150/420] task=double_cart_pole alg=ps seed=9 ...
  -> cost=29.7153, wall_time=8.16s
[151/420] task=double_cart_pole alg=mppi seed=0 ...
  -> cost=22.2751, wall_time=8.32s
[152/420] task=double_cart_pole alg=mppi seed=1 ...
  -> cost=25.8799, wall_time=8.54s
[153/420] task=double_cart_pole alg=mppi seed=2 ...
  -> cost=25.6442, wall_time=8.60s
[154/420] task=double_cart_pole alg=mppi seed=3 ...
  -> cost=22.4993, wall_time=8.41s
[155/420] task=double_cart_pole alg=mppi seed=4 ...
  -> cost=32.2573, wall_time=8.50s
[156/420] task=double_cart_pole alg=mppi seed=5 ...
  -> cost=28.6014, wall_time=8.49s
[157/420] task=double_cart_pole alg=mppi seed=6 ...
  -> cost=27.5861, wall_time=8.49s
[158/420] task=double_cart_pole alg=mppi seed=7 ...
  -> cost=30.9702, wall_time=8.36s
[159/420] task=double_cart_pole alg=mppi seed=8 ...
  -> cost=21.0364, wall_time=8.42s
[160/420] task=double_cart_pole alg=mppi seed=9 ...
  -> cost=32.9658, wall_time=8.41s
[161/420] task=double_cart_pole alg=cem seed=0 ...
  -> cost=35.7206, wall_time=8.46s
[162/420] task=double_cart_pole alg=cem seed=1 ...
  -> cost=39.5696, wall_time=8.47s
[163/420] task=double_cart_pole alg=cem seed=2 ...
  -> cost=31.5985, wall_time=8.33s
[164/420] task=double_cart_pole alg=cem seed=3 ...
  -> cost=17.3237, wall_time=8.40s
[165/420] task=double_cart_pole alg=cem seed=4 ...
  -> cost=34.3104, wall_time=8.78s
[166/420] task=double_cart_pole alg=cem seed=5 ...
  -> cost=34.5224, wall_time=8.46s
[167/420] task=double_cart_pole alg=cem seed=6 ...
  -> cost=17.6379, wall_time=8.38s
[168/420] task=double_cart_pole alg=cem seed=7 ...
  -> cost=50.1096, wall_time=8.38s
[169/420] task=double_cart_pole alg=cem seed=8 ...
  -> cost=35.1121, wall_time=8.43s
[170/420] task=double_cart_pole alg=cem seed=9 ...
  -> cost=32.5967, wall_time=8.37s
[171/420] task=double_cart_pole alg=dial seed=0 ...
  -> cost=14.4326, wall_time=8.59s
[172/420] task=double_cart_pole alg=dial seed=1 ...
  -> cost=21.7403, wall_time=8.47s
[173/420] task=double_cart_pole alg=dial seed=2 ...
  -> cost=20.8575, wall_time=8.41s
[174/420] task=double_cart_pole alg=dial seed=3 ...
  -> cost=14.9534, wall_time=8.50s
[175/420] task=double_cart_pole alg=dial seed=4 ...
  -> cost=8.1707, wall_time=8.30s
[176/420] task=double_cart_pole alg=dial seed=5 ...
  -> cost=23.1514, wall_time=8.36s
[177/420] task=double_cart_pole alg=dial seed=6 ...
  -> cost=20.3493, wall_time=8.37s
[178/420] task=double_cart_pole alg=dial seed=7 ...
  -> cost=34.0231, wall_time=8.36s
[179/420] task=double_cart_pole alg=dial seed=8 ...
  -> cost=23.7752, wall_time=8.43s
[180/420] task=double_cart_pole alg=dial seed=9 ...
  -> cost=26.6559, wall_time=8.39s
[181/420] task=double_cart_pole alg=cmaes seed=0 ...
  -> cost=37.6320, wall_time=11.08s
[182/420] task=double_cart_pole alg=cmaes seed=1 ...
  -> cost=55.7876, wall_time=11.27s
[183/420] task=double_cart_pole alg=cmaes seed=2 ...
  -> cost=70.4028, wall_time=11.37s
[184/420] task=double_cart_pole alg=cmaes seed=3 ...
  -> cost=44.5789, wall_time=11.11s
[185/420] task=double_cart_pole alg=cmaes seed=4 ...
  -> cost=42.1044, wall_time=11.35s
[186/420] task=double_cart_pole alg=cmaes seed=5 ...
  -> cost=48.0511, wall_time=11.39s
[187/420] task=double_cart_pole alg=cmaes seed=6 ...
  -> cost=29.4495, wall_time=11.19s
[188/420] task=double_cart_pole alg=cmaes seed=7 ...
  -> cost=47.9080, wall_time=11.51s
[189/420] task=double_cart_pole alg=cmaes seed=8 ...
  -> cost=59.9193, wall_time=11.10s
[190/420] task=double_cart_pole alg=cmaes seed=9 ...
  -> cost=47.9730, wall_time=10.96s
[191/420] task=double_cart_pole alg=mppi_cma seed=0 ...
  -> cost=29.8016, wall_time=8.39s
[192/420] task=double_cart_pole alg=mppi_cma seed=1 ...
  -> cost=38.8125, wall_time=8.40s
[193/420] task=double_cart_pole alg=mppi_cma seed=2 ...
  -> cost=29.9008, wall_time=8.68s
[194/420] task=double_cart_pole alg=mppi_cma seed=3 ...
  -> cost=16.4106, wall_time=8.33s
[195/420] task=double_cart_pole alg=mppi_cma seed=4 ...
  -> cost=32.9418, wall_time=8.58s
[196/420] task=double_cart_pole alg=mppi_cma seed=5 ...
  -> cost=42.3842, wall_time=8.53s
[197/420] task=double_cart_pole alg=mppi_cma seed=6 ...
  -> cost=15.8381, wall_time=8.85s
[198/420] task=double_cart_pole alg=mppi_cma seed=7 ...
  -> cost=34.1361, wall_time=8.58s
[199/420] task=double_cart_pole alg=mppi_cma seed=8 ...
  -> cost=17.5136, wall_time=8.59s
[200/420] task=double_cart_pole alg=mppi_cma seed=9 ...
  -> cost=36.6831, wall_time=8.55s
[201/420] task=double_cart_pole alg=er_cma seed=0 ...
  -> cost=20.1845, wall_time=8.64s
[202/420] task=double_cart_pole alg=er_cma seed=1 ...
  -> cost=44.6090, wall_time=8.46s
[203/420] task=double_cart_pole alg=er_cma seed=2 ...
  -> cost=22.7344, wall_time=8.51s
[204/420] task=double_cart_pole alg=er_cma seed=3 ...
  -> cost=15.7218, wall_time=8.51s
[205/420] task=double_cart_pole alg=er_cma seed=4 ...
  -> cost=26.6148, wall_time=8.71s
[206/420] task=double_cart_pole alg=er_cma seed=5 ...
  -> cost=29.0988, wall_time=8.48s
[207/420] task=double_cart_pole alg=er_cma seed=6 ...
  -> cost=14.5450, wall_time=8.45s
[208/420] task=double_cart_pole alg=er_cma seed=7 ...
  -> cost=29.4556, wall_time=8.67s
[209/420] task=double_cart_pole alg=er_cma seed=8 ...
  -> cost=24.9183, wall_time=8.49s
[210/420] task=double_cart_pole alg=er_cma seed=9 ...
  -> cost=43.4877, wall_time=8.48s
[211/420] task=pusht alg=ps seed=0 ...
  -> cost=3.5964, wall_time=9.84s
[212/420] task=pusht alg=ps seed=1 ...
  -> cost=0.9816, wall_time=3.21s
[213/420] task=pusht alg=ps seed=2 ...
  -> cost=0.2498, wall_time=3.19s
[214/420] task=pusht alg=ps seed=3 ...
  -> cost=6.8096, wall_time=3.19s
[215/420] task=pusht alg=ps seed=4 ...
  -> cost=0.0644, wall_time=3.19s
[216/420] task=pusht alg=ps seed=5 ...
  -> cost=0.6985, wall_time=3.20s
[217/420] task=pusht alg=ps seed=6 ...
  -> cost=1.2810, wall_time=3.21s
[218/420] task=pusht alg=ps seed=7 ...
  -> cost=2.2951, wall_time=3.21s
[219/420] task=pusht alg=ps seed=8 ...
  -> cost=2.9572, wall_time=3.19s
[220/420] task=pusht alg=ps seed=9 ...
  -> cost=0.1073, wall_time=3.20s
[221/420] task=pusht alg=mppi seed=0 ...
  -> cost=18.8430, wall_time=9.75s
[222/420] task=pusht alg=mppi seed=1 ...
  -> cost=6.6705, wall_time=3.28s
[223/420] task=pusht alg=mppi seed=2 ...
  -> cost=0.3693, wall_time=3.28s
[224/420] task=pusht alg=mppi seed=3 ...
  -> cost=38.8365, wall_time=3.22s
[225/420] task=pusht alg=mppi seed=4 ...
  -> cost=0.1890, wall_time=3.22s
[226/420] task=pusht alg=mppi seed=5 ...
  -> cost=4.0599, wall_time=3.20s
[227/420] task=pusht alg=mppi seed=6 ...
  -> cost=6.8565, wall_time=3.20s
[228/420] task=pusht alg=mppi seed=7 ...
  -> cost=8.5091, wall_time=3.21s
[229/420] task=pusht alg=mppi seed=8 ...
  -> cost=5.5388, wall_time=3.21s
[230/420] task=pusht alg=mppi seed=9 ...
  -> cost=0.4371, wall_time=3.20s
[231/420] task=pusht alg=cem seed=0 ...
  -> cost=4.3392, wall_time=9.91s
[232/420] task=pusht alg=cem seed=1 ...
  -> cost=1.0187, wall_time=3.23s
[233/420] task=pusht alg=cem seed=2 ...
  -> cost=0.2777, wall_time=3.21s
[234/420] task=pusht alg=cem seed=3 ...
  -> cost=9.5500, wall_time=3.23s
[235/420] task=pusht alg=cem seed=4 ...
  -> cost=0.1122, wall_time=3.23s
[236/420] task=pusht alg=cem seed=5 ...
  -> cost=0.7376, wall_time=3.22s
[237/420] task=pusht alg=cem seed=6 ...
  -> cost=1.2030, wall_time=3.24s
[238/420] task=pusht alg=cem seed=7 ...
  -> cost=3.4945, wall_time=3.22s
[239/420] task=pusht alg=cem seed=8 ...
  -> cost=3.7177, wall_time=3.22s
[240/420] task=pusht alg=cem seed=9 ...
  -> cost=0.1469, wall_time=3.24s
[241/420] task=pusht alg=dial seed=0 ...
  -> cost=18.8418, wall_time=9.81s
[242/420] task=pusht alg=dial seed=1 ...
  -> cost=6.6659, wall_time=3.22s
[243/420] task=pusht alg=dial seed=2 ...
  -> cost=3.0066, wall_time=3.22s
[244/420] task=pusht alg=dial seed=3 ...
  -> cost=38.8327, wall_time=3.22s
[245/420] task=pusht alg=dial seed=4 ...
  -> cost=0.1895, wall_time=3.23s
[246/420] task=pusht alg=dial seed=5 ...
  -> cost=4.3221, wall_time=3.22s
[247/420] task=pusht alg=dial seed=6 ...
  -> cost=6.8567, wall_time=3.24s
[248/420] task=pusht alg=dial seed=7 ...
  -> cost=10.8168, wall_time=3.23s
[249/420] task=pusht alg=dial seed=8 ...
  -> cost=6.0533, wall_time=3.24s
[250/420] task=pusht alg=dial seed=9 ...
  -> cost=0.4475, wall_time=3.21s
[251/420] task=pusht alg=cmaes seed=0 ...
  -> cost=5.6372, wall_time=13.40s
[252/420] task=pusht alg=cmaes seed=1 ...
  -> cost=1.0008, wall_time=6.22s
[253/420] task=pusht alg=cmaes seed=2 ...
  -> cost=0.3038, wall_time=6.24s
[254/420] task=pusht alg=cmaes seed=3 ...
  -> cost=9.1246, wall_time=6.29s
[255/420] task=pusht alg=cmaes seed=4 ...
  -> cost=0.0672, wall_time=5.91s
[256/420] task=pusht alg=cmaes seed=5 ...
  -> cost=0.6881, wall_time=5.90s
[257/420] task=pusht alg=cmaes seed=6 ...
  -> cost=1.3938, wall_time=6.25s
[258/420] task=pusht alg=cmaes seed=7 ...
  -> cost=2.4522, wall_time=6.26s
[259/420] task=pusht alg=cmaes seed=8 ...
  -> cost=3.5457, wall_time=5.97s
[260/420] task=pusht alg=cmaes seed=9 ...
  -> cost=0.0928, wall_time=6.53s
[261/420] task=pusht alg=mppi_cma seed=0 ...
  -> cost=18.8449, wall_time=10.58s
[262/420] task=pusht alg=mppi_cma seed=1 ...
  -> cost=6.6724, wall_time=3.36s
[263/420] task=pusht alg=mppi_cma seed=2 ...
  -> cost=0.4180, wall_time=3.34s
[264/420] task=pusht alg=mppi_cma seed=3 ...
  -> cost=38.8374, wall_time=3.34s
[265/420] task=pusht alg=mppi_cma seed=4 ...
  -> cost=0.1803, wall_time=3.33s
[266/420] task=pusht alg=mppi_cma seed=5 ...
  -> cost=4.1623, wall_time=3.32s
[267/420] task=pusht alg=mppi_cma seed=6 ...
  -> cost=6.8562, wall_time=3.69s
[268/420] task=pusht alg=mppi_cma seed=7 ...
  -> cost=8.6173, wall_time=3.32s
[269/420] task=pusht alg=mppi_cma seed=8 ...
  -> cost=4.8853, wall_time=3.32s
[270/420] task=pusht alg=mppi_cma seed=9 ...
  -> cost=0.3517, wall_time=3.69s
[271/420] task=pusht alg=er_cma seed=0 ...
  -> cost=15.3953, wall_time=10.30s
[272/420] task=pusht alg=er_cma seed=1 ...
  -> cost=6.6529, wall_time=3.30s
[273/420] task=pusht alg=er_cma seed=2 ...
  -> cost=0.3587, wall_time=3.32s
[274/420] task=pusht alg=er_cma seed=3 ...
  -> cost=24.2310, wall_time=3.33s
[275/420] task=pusht alg=er_cma seed=4 ...
  -> cost=0.1773, wall_time=3.34s
[276/420] task=pusht alg=er_cma seed=5 ...
  -> cost=4.3227, wall_time=3.68s
[277/420] task=pusht alg=er_cma seed=6 ...
  -> cost=6.8565, wall_time=3.33s
[278/420] task=pusht alg=er_cma seed=7 ...
  -> cost=3.8720, wall_time=3.32s
[279/420] task=pusht alg=er_cma seed=8 ...
  -> cost=5.7812, wall_time=3.32s
[280/420] task=pusht alg=er_cma seed=9 ...
  -> cost=0.4478, wall_time=3.32s
[281/420] task=cube alg=ps seed=0 ...
/home/vkurtz/projects/hydrax/.venv/lib/python3.12/site-packages/jax/_src/abstract_arrays.py:135: RuntimeWarning: overflow encountered in cast
  return literals.TypedNdArray(np.asarray(x, dtype), weak_type=False)
/home/vkurtz/projects/hydrax/.venv/lib/python3.12/site-packages/jax/_src/abstract_arrays.py:135: RuntimeWarning: overflow encountered in cast
  return literals.TypedNdArray(np.asarray(x, dtype), weak_type=False)
  -> cost=0.4847, wall_time=21.52s
[282/420] task=cube alg=ps seed=1 ...
/home/vkurtz/projects/hydrax/.venv/lib/python3.12/site-packages/jax/_src/abstract_arrays.py:135: RuntimeWarning: overflow encountered in cast
  return literals.TypedNdArray(np.asarray(x, dtype), weak_type=False)
/home/vkurtz/projects/hydrax/.venv/lib/python3.12/site-packages/jax/_src/abstract_arrays.py:135: RuntimeWarning: overflow encountered in cast
  return literals.TypedNdArray(np.asarray(x, dtype), weak_type=False)
  -> cost=0.4196, wall_time=4.33s
[283/420] task=cube alg=ps seed=2 ...
/home/vkurtz/projects/hydrax/.venv/lib/python3.12/site-packages/jax/_src/abstract_arrays.py:135: RuntimeWarning: overflow encountered in cast
  return literals.TypedNdArray(np.asarray(x, dtype), weak_type=False)
/home/vkurtz/projects/hydrax/.venv/lib/python3.12/site-packages/jax/_src/abstract_arrays.py:135: RuntimeWarning: overflow encountered in cast
  return literals.TypedNdArray(np.asarray(x, dtype), weak_type=False)
  -> cost=0.3577, wall_time=4.32s
[284/420] task=cube alg=ps seed=3 ...
/home/vkurtz/projects/hydrax/.venv/lib/python3.12/site-packages/jax/_src/abstract_arrays.py:135: RuntimeWarning: overflow encountered in cast
  return literals.TypedNdArray(np.asarray(x, dtype), weak_type=False)
/home/vkurtz/projects/hydrax/.venv/lib/python3.12/site-packages/jax/_src/abstract_arrays.py:135: RuntimeWarning: overflow encountered in cast
  return literals.TypedNdArray(np.asarray(x, dtype), weak_type=False)
  -> cost=0.3302, wall_time=4.34s
[285/420] task=cube alg=ps seed=4 ...
/home/vkurtz/projects/hydrax/.venv/lib/python3.12/site-packages/jax/_src/abstract_arrays.py:135: RuntimeWarning: overflow encountered in cast
  return literals.TypedNdArray(np.asarray(x, dtype), weak_type=False)
/home/vkurtz/projects/hydrax/.venv/lib/python3.12/site-packages/jax/_src/abstract_arrays.py:135: RuntimeWarning: overflow encountered in cast
  return literals.TypedNdArray(np.asarray(x, dtype), weak_type=False)
  -> cost=0.1233, wall_time=4.34s
[286/420] task=cube alg=ps seed=5 ...
/home/vkurtz/projects/hydrax/.venv/lib/python3.12/site-packages/jax/_src/abstract_arrays.py:135: RuntimeWarning: overflow encountered in cast
  return literals.TypedNdArray(np.asarray(x, dtype), weak_type=False)
/home/vkurtz/projects/hydrax/.venv/lib/python3.12/site-packages/jax/_src/abstract_arrays.py:135: RuntimeWarning: overflow encountered in cast
  return literals.TypedNdArray(np.asarray(x, dtype), weak_type=False)
  -> cost=1.6594, wall_time=4.33s
[287/420] task=cube alg=ps seed=6 ...
/home/vkurtz/projects/hydrax/.venv/lib/python3.12/site-packages/jax/_src/abstract_arrays.py:135: RuntimeWarning: overflow encountered in cast
  return literals.TypedNdArray(np.asarray(x, dtype), weak_type=False)
/home/vkurtz/projects/hydrax/.venv/lib/python3.12/site-packages/jax/_src/abstract_arrays.py:135: RuntimeWarning: overflow encountered in cast
  return literals.TypedNdArray(np.asarray(x, dtype), weak_type=False)
  -> cost=0.5160, wall_time=4.32s
[288/420] task=cube alg=ps seed=7 ...
/home/vkurtz/projects/hydrax/.venv/lib/python3.12/site-packages/jax/_src/abstract_arrays.py:135: RuntimeWarning: overflow encountered in cast
  return literals.TypedNdArray(np.asarray(x, dtype), weak_type=False)
/home/vkurtz/projects/hydrax/.venv/lib/python3.12/site-packages/jax/_src/abstract_arrays.py:135: RuntimeWarning: overflow encountered in cast
  return literals.TypedNdArray(np.asarray(x, dtype), weak_type=False)
  -> cost=0.1925, wall_time=4.31s
[289/420] task=cube alg=ps seed=8 ...
/home/vkurtz/projects/hydrax/.venv/lib/python3.12/site-packages/jax/_src/abstract_arrays.py:135: RuntimeWarning: overflow encountered in cast
  return literals.TypedNdArray(np.asarray(x, dtype), weak_type=False)
/home/vkurtz/projects/hydrax/.venv/lib/python3.12/site-packages/jax/_src/abstract_arrays.py:135: RuntimeWarning: overflow encountered in cast
  return literals.TypedNdArray(np.asarray(x, dtype), weak_type=False)
  -> cost=0.9999, wall_time=4.34s
[290/420] task=cube alg=ps seed=9 ...
/home/vkurtz/projects/hydrax/.venv/lib/python3.12/site-packages/jax/_src/abstract_arrays.py:135: RuntimeWarning: overflow encountered in cast
  return literals.TypedNdArray(np.asarray(x, dtype), weak_type=False)
/home/vkurtz/projects/hydrax/.venv/lib/python3.12/site-packages/jax/_src/abstract_arrays.py:135: RuntimeWarning: overflow encountered in cast
  return literals.TypedNdArray(np.asarray(x, dtype), weak_type=False)
  -> cost=0.7116, wall_time=4.34s
[291/420] task=cube alg=mppi seed=0 ...
/home/vkurtz/projects/hydrax/.venv/lib/python3.12/site-packages/jax/_src/abstract_arrays.py:135: RuntimeWarning: overflow encountered in cast
  return literals.TypedNdArray(np.asarray(x, dtype), weak_type=False)
/home/vkurtz/projects/hydrax/.venv/lib/python3.12/site-packages/jax/_src/abstract_arrays.py:135: RuntimeWarning: overflow encountered in cast
  return literals.TypedNdArray(np.asarray(x, dtype), weak_type=False)
  -> cost=0.8145, wall_time=21.07s
[292/420] task=cube alg=mppi seed=1 ...
/home/vkurtz/projects/hydrax/.venv/lib/python3.12/site-packages/jax/_src/abstract_arrays.py:135: RuntimeWarning: overflow encountered in cast
  return literals.TypedNdArray(np.asarray(x, dtype), weak_type=False)
/home/vkurtz/projects/hydrax/.venv/lib/python3.12/site-packages/jax/_src/abstract_arrays.py:135: RuntimeWarning: overflow encountered in cast
  return literals.TypedNdArray(np.asarray(x, dtype), weak_type=False)
  -> cost=0.9501, wall_time=4.32s
[293/420] task=cube alg=mppi seed=2 ...
/home/vkurtz/projects/hydrax/.venv/lib/python3.12/site-packages/jax/_src/abstract_arrays.py:135: RuntimeWarning: overflow encountered in cast
  return literals.TypedNdArray(np.asarray(x, dtype), weak_type=False)
/home/vkurtz/projects/hydrax/.venv/lib/python3.12/site-packages/jax/_src/abstract_arrays.py:135: RuntimeWarning: overflow encountered in cast
  return literals.TypedNdArray(np.asarray(x, dtype), weak_type=False)
  -> cost=0.6647, wall_time=4.34s
[294/420] task=cube alg=mppi seed=3 ...
/home/vkurtz/projects/hydrax/.venv/lib/python3.12/site-packages/jax/_src/abstract_arrays.py:135: RuntimeWarning: overflow encountered in cast
  return literals.TypedNdArray(np.asarray(x, dtype), weak_type=False)
/home/vkurtz/projects/hydrax/.venv/lib/python3.12/site-packages/jax/_src/abstract_arrays.py:135: RuntimeWarning: overflow encountered in cast
  return literals.TypedNdArray(np.asarray(x, dtype), weak_type=False)
  -> cost=0.6080, wall_time=4.34s
[295/420] task=cube alg=mppi seed=4 ...
/home/vkurtz/projects/hydrax/.venv/lib/python3.12/site-packages/jax/_src/abstract_arrays.py:135: RuntimeWarning: overflow encountered in cast
  return literals.TypedNdArray(np.asarray(x, dtype), weak_type=False)
/home/vkurtz/projects/hydrax/.venv/lib/python3.12/site-packages/jax/_src/abstract_arrays.py:135: RuntimeWarning: overflow encountered in cast
  return literals.TypedNdArray(np.asarray(x, dtype), weak_type=False)
  -> cost=0.6767, wall_time=4.39s
[296/420] task=cube alg=mppi seed=5 ...
/home/vkurtz/projects/hydrax/.venv/lib/python3.12/site-packages/jax/_src/abstract_arrays.py:135: RuntimeWarning: overflow encountered in cast
  return literals.TypedNdArray(np.asarray(x, dtype), weak_type=False)
/home/vkurtz/projects/hydrax/.venv/lib/python3.12/site-packages/jax/_src/abstract_arrays.py:135: RuntimeWarning: overflow encountered in cast
  return literals.TypedNdArray(np.asarray(x, dtype), weak_type=False)
  -> cost=0.6804, wall_time=4.42s
[297/420] task=cube alg=mppi seed=6 ...
/home/vkurtz/projects/hydrax/.venv/lib/python3.12/site-packages/jax/_src/abstract_arrays.py:135: RuntimeWarning: overflow encountered in cast
  return literals.TypedNdArray(np.asarray(x, dtype), weak_type=False)
/home/vkurtz/projects/hydrax/.venv/lib/python3.12/site-packages/jax/_src/abstract_arrays.py:135: RuntimeWarning: overflow encountered in cast
  return literals.TypedNdArray(np.asarray(x, dtype), weak_type=False)
  -> cost=0.5262, wall_time=4.37s
[298/420] task=cube alg=mppi seed=7 ...
/home/vkurtz/projects/hydrax/.venv/lib/python3.12/site-packages/jax/_src/abstract_arrays.py:135: RuntimeWarning: overflow encountered in cast
  return literals.TypedNdArray(np.asarray(x, dtype), weak_type=False)
/home/vkurtz/projects/hydrax/.venv/lib/python3.12/site-packages/jax/_src/abstract_arrays.py:135: RuntimeWarning: overflow encountered in cast
  return literals.TypedNdArray(np.asarray(x, dtype), weak_type=False)
  -> cost=0.6846, wall_time=4.39s
[299/420] task=cube alg=mppi seed=8 ...
/home/vkurtz/projects/hydrax/.venv/lib/python3.12/site-packages/jax/_src/abstract_arrays.py:135: RuntimeWarning: overflow encountered in cast
  return literals.TypedNdArray(np.asarray(x, dtype), weak_type=False)
/home/vkurtz/projects/hydrax/.venv/lib/python3.12/site-packages/jax/_src/abstract_arrays.py:135: RuntimeWarning: overflow encountered in cast
  return literals.TypedNdArray(np.asarray(x, dtype), weak_type=False)
  -> cost=0.7496, wall_time=4.38s
[300/420] task=cube alg=mppi seed=9 ...
/home/vkurtz/projects/hydrax/.venv/lib/python3.12/site-packages/jax/_src/abstract_arrays.py:135: RuntimeWarning: overflow encountered in cast
  return literals.TypedNdArray(np.asarray(x, dtype), weak_type=False)
/home/vkurtz/projects/hydrax/.venv/lib/python3.12/site-packages/jax/_src/abstract_arrays.py:135: RuntimeWarning: overflow encountered in cast
  return literals.TypedNdArray(np.asarray(x, dtype), weak_type=False)
  -> cost=0.7866, wall_time=4.37s
[301/420] task=cube alg=cem seed=0 ...
/home/vkurtz/projects/hydrax/.venv/lib/python3.12/site-packages/jax/_src/abstract_arrays.py:135: RuntimeWarning: overflow encountered in cast
  return literals.TypedNdArray(np.asarray(x, dtype), weak_type=False)
/home/vkurtz/projects/hydrax/.venv/lib/python3.12/site-packages/jax/_src/abstract_arrays.py:135: RuntimeWarning: overflow encountered in cast
  return literals.TypedNdArray(np.asarray(x, dtype), weak_type=False)
  -> cost=0.6157, wall_time=21.55s
[302/420] task=cube alg=cem seed=1 ...
/home/vkurtz/projects/hydrax/.venv/lib/python3.12/site-packages/jax/_src/abstract_arrays.py:135: RuntimeWarning: overflow encountered in cast
  return literals.TypedNdArray(np.asarray(x, dtype), weak_type=False)
/home/vkurtz/projects/hydrax/.venv/lib/python3.12/site-packages/jax/_src/abstract_arrays.py:135: RuntimeWarning: overflow encountered in cast
  return literals.TypedNdArray(np.asarray(x, dtype), weak_type=False)
  -> cost=0.6669, wall_time=4.26s
[303/420] task=cube alg=cem seed=2 ...
/home/vkurtz/projects/hydrax/.venv/lib/python3.12/site-packages/jax/_src/abstract_arrays.py:135: RuntimeWarning: overflow encountered in cast
  return literals.TypedNdArray(np.asarray(x, dtype), weak_type=False)
/home/vkurtz/projects/hydrax/.venv/lib/python3.12/site-packages/jax/_src/abstract_arrays.py:135: RuntimeWarning: overflow encountered in cast
  return literals.TypedNdArray(np.asarray(x, dtype), weak_type=False)
  -> cost=0.5196, wall_time=4.23s
[304/420] task=cube alg=cem seed=3 ...
/home/vkurtz/projects/hydrax/.venv/lib/python3.12/site-packages/jax/_src/abstract_arrays.py:135: RuntimeWarning: overflow encountered in cast
  return literals.TypedNdArray(np.asarray(x, dtype), weak_type=False)
/home/vkurtz/projects/hydrax/.venv/lib/python3.12/site-packages/jax/_src/abstract_arrays.py:135: RuntimeWarning: overflow encountered in cast
  return literals.TypedNdArray(np.asarray(x, dtype), weak_type=False)
  -> cost=0.5197, wall_time=4.23s
[305/420] task=cube alg=cem seed=4 ...
/home/vkurtz/projects/hydrax/.venv/lib/python3.12/site-packages/jax/_src/abstract_arrays.py:135: RuntimeWarning: overflow encountered in cast
  return literals.TypedNdArray(np.asarray(x, dtype), weak_type=False)
/home/vkurtz/projects/hydrax/.venv/lib/python3.12/site-packages/jax/_src/abstract_arrays.py:135: RuntimeWarning: overflow encountered in cast
  return literals.TypedNdArray(np.asarray(x, dtype), weak_type=False)
  -> cost=0.5304, wall_time=4.30s
[306/420] task=cube alg=cem seed=5 ...
/home/vkurtz/projects/hydrax/.venv/lib/python3.12/site-packages/jax/_src/abstract_arrays.py:135: RuntimeWarning: overflow encountered in cast
  return literals.TypedNdArray(np.asarray(x, dtype), weak_type=False)
/home/vkurtz/projects/hydrax/.venv/lib/python3.12/site-packages/jax/_src/abstract_arrays.py:135: RuntimeWarning: overflow encountered in cast
  return literals.TypedNdArray(np.asarray(x, dtype), weak_type=False)
  -> cost=1.2901, wall_time=4.27s
[307/420] task=cube alg=cem seed=6 ...
/home/vkurtz/projects/hydrax/.venv/lib/python3.12/site-packages/jax/_src/abstract_arrays.py:135: RuntimeWarning: overflow encountered in cast
  return literals.TypedNdArray(np.asarray(x, dtype), weak_type=False)
/home/vkurtz/projects/hydrax/.venv/lib/python3.12/site-packages/jax/_src/abstract_arrays.py:135: RuntimeWarning: overflow encountered in cast
  return literals.TypedNdArray(np.asarray(x, dtype), weak_type=False)
  -> cost=0.6202, wall_time=4.23s
[308/420] task=cube alg=cem seed=7 ...
/home/vkurtz/projects/hydrax/.venv/lib/python3.12/site-packages/jax/_src/abstract_arrays.py:135: RuntimeWarning: overflow encountered in cast
  return literals.TypedNdArray(np.asarray(x, dtype), weak_type=False)
/home/vkurtz/projects/hydrax/.venv/lib/python3.12/site-packages/jax/_src/abstract_arrays.py:135: RuntimeWarning: overflow encountered in cast
  return literals.TypedNdArray(np.asarray(x, dtype), weak_type=False)
  -> cost=0.6399, wall_time=4.23s
[309/420] task=cube alg=cem seed=8 ...
/home/vkurtz/projects/hydrax/.venv/lib/python3.12/site-packages/jax/_src/abstract_arrays.py:135: RuntimeWarning: overflow encountered in cast
  return literals.TypedNdArray(np.asarray(x, dtype), weak_type=False)
/home/vkurtz/projects/hydrax/.venv/lib/python3.12/site-packages/jax/_src/abstract_arrays.py:135: RuntimeWarning: overflow encountered in cast
  return literals.TypedNdArray(np.asarray(x, dtype), weak_type=False)
  -> cost=0.6416, wall_time=4.45s
[310/420] task=cube alg=cem seed=9 ...
/home/vkurtz/projects/hydrax/.venv/lib/python3.12/site-packages/jax/_src/abstract_arrays.py:135: RuntimeWarning: overflow encountered in cast
  return literals.TypedNdArray(np.asarray(x, dtype), weak_type=False)
/home/vkurtz/projects/hydrax/.venv/lib/python3.12/site-packages/jax/_src/abstract_arrays.py:135: RuntimeWarning: overflow encountered in cast
  return literals.TypedNdArray(np.asarray(x, dtype), weak_type=False)
  -> cost=0.5596, wall_time=4.23s
[311/420] task=cube alg=dial seed=0 ...
/home/vkurtz/projects/hydrax/.venv/lib/python3.12/site-packages/jax/_src/abstract_arrays.py:135: RuntimeWarning: overflow encountered in cast
  return literals.TypedNdArray(np.asarray(x, dtype), weak_type=False)
/home/vkurtz/projects/hydrax/.venv/lib/python3.12/site-packages/jax/_src/abstract_arrays.py:135: RuntimeWarning: overflow encountered in cast
  return literals.TypedNdArray(np.asarray(x, dtype), weak_type=False)
  -> cost=1.2123, wall_time=21.75s
[312/420] task=cube alg=dial seed=1 ...
/home/vkurtz/projects/hydrax/.venv/lib/python3.12/site-packages/jax/_src/abstract_arrays.py:135: RuntimeWarning: overflow encountered in cast
  return literals.TypedNdArray(np.asarray(x, dtype), weak_type=False)
/home/vkurtz/projects/hydrax/.venv/lib/python3.12/site-packages/jax/_src/abstract_arrays.py:135: RuntimeWarning: overflow encountered in cast
  return literals.TypedNdArray(np.asarray(x, dtype), weak_type=False)
  -> cost=1.0783, wall_time=4.26s
[313/420] task=cube alg=dial seed=2 ...
/home/vkurtz/projects/hydrax/.venv/lib/python3.12/site-packages/jax/_src/abstract_arrays.py:135: RuntimeWarning: overflow encountered in cast
  return literals.TypedNdArray(np.asarray(x, dtype), weak_type=False)
/home/vkurtz/projects/hydrax/.venv/lib/python3.12/site-packages/jax/_src/abstract_arrays.py:135: RuntimeWarning: overflow encountered in cast
  return literals.TypedNdArray(np.asarray(x, dtype), weak_type=False)
  -> cost=1.0259, wall_time=4.28s
[314/420] task=cube alg=dial seed=3 ...
/home/vkurtz/projects/hydrax/.venv/lib/python3.12/site-packages/jax/_src/abstract_arrays.py:135: RuntimeWarning: overflow encountered in cast
  return literals.TypedNdArray(np.asarray(x, dtype), weak_type=False)
/home/vkurtz/projects/hydrax/.venv/lib/python3.12/site-packages/jax/_src/abstract_arrays.py:135: RuntimeWarning: overflow encountered in cast
  return literals.TypedNdArray(np.asarray(x, dtype), weak_type=False)
  -> cost=0.9196, wall_time=4.25s
[315/420] task=cube alg=dial seed=4 ...
/home/vkurtz/projects/hydrax/.venv/lib/python3.12/site-packages/jax/_src/abstract_arrays.py:135: RuntimeWarning: overflow encountered in cast
  return literals.TypedNdArray(np.asarray(x, dtype), weak_type=False)
/home/vkurtz/projects/hydrax/.venv/lib/python3.12/site-packages/jax/_src/abstract_arrays.py:135: RuntimeWarning: overflow encountered in cast
  return literals.TypedNdArray(np.asarray(x, dtype), weak_type=False)
  -> cost=0.8279, wall_time=4.59s
[316/420] task=cube alg=dial seed=5 ...
/home/vkurtz/projects/hydrax/.venv/lib/python3.12/site-packages/jax/_src/abstract_arrays.py:135: RuntimeWarning: overflow encountered in cast
  return literals.TypedNdArray(np.asarray(x, dtype), weak_type=False)
/home/vkurtz/projects/hydrax/.venv/lib/python3.12/site-packages/jax/_src/abstract_arrays.py:135: RuntimeWarning: overflow encountered in cast
  return literals.TypedNdArray(np.asarray(x, dtype), weak_type=False)
  -> cost=1.0291, wall_time=4.23s
[317/420] task=cube alg=dial seed=6 ...
/home/vkurtz/projects/hydrax/.venv/lib/python3.12/site-packages/jax/_src/abstract_arrays.py:135: RuntimeWarning: overflow encountered in cast
  return literals.TypedNdArray(np.asarray(x, dtype), weak_type=False)
/home/vkurtz/projects/hydrax/.venv/lib/python3.12/site-packages/jax/_src/abstract_arrays.py:135: RuntimeWarning: overflow encountered in cast
  return literals.TypedNdArray(np.asarray(x, dtype), weak_type=False)
  -> cost=1.1713, wall_time=4.23s
[318/420] task=cube alg=dial seed=7 ...
/home/vkurtz/projects/hydrax/.venv/lib/python3.12/site-packages/jax/_src/abstract_arrays.py:135: RuntimeWarning: overflow encountered in cast
  return literals.TypedNdArray(np.asarray(x, dtype), weak_type=False)
/home/vkurtz/projects/hydrax/.venv/lib/python3.12/site-packages/jax/_src/abstract_arrays.py:135: RuntimeWarning: overflow encountered in cast
  return literals.TypedNdArray(np.asarray(x, dtype), weak_type=False)
  -> cost=0.9660, wall_time=4.31s
[319/420] task=cube alg=dial seed=8 ...
/home/vkurtz/projects/hydrax/.venv/lib/python3.12/site-packages/jax/_src/abstract_arrays.py:135: RuntimeWarning: overflow encountered in cast
  return literals.TypedNdArray(np.asarray(x, dtype), weak_type=False)
/home/vkurtz/projects/hydrax/.venv/lib/python3.12/site-packages/jax/_src/abstract_arrays.py:135: RuntimeWarning: overflow encountered in cast
  return literals.TypedNdArray(np.asarray(x, dtype), weak_type=False)
  -> cost=1.7837, wall_time=4.84s
[320/420] task=cube alg=dial seed=9 ...
/home/vkurtz/projects/hydrax/.venv/lib/python3.12/site-packages/jax/_src/abstract_arrays.py:135: RuntimeWarning: overflow encountered in cast
  return literals.TypedNdArray(np.asarray(x, dtype), weak_type=False)
/home/vkurtz/projects/hydrax/.venv/lib/python3.12/site-packages/jax/_src/abstract_arrays.py:135: RuntimeWarning: overflow encountered in cast
  return literals.TypedNdArray(np.asarray(x, dtype), weak_type=False)
  -> cost=1.2984, wall_time=4.25s
[321/420] task=cube alg=cmaes seed=0 ...
/home/vkurtz/projects/hydrax/.venv/lib/python3.12/site-packages/jax/_src/abstract_arrays.py:135: RuntimeWarning: overflow encountered in cast
  return literals.TypedNdArray(np.asarray(x, dtype), weak_type=False)
/home/vkurtz/projects/hydrax/.venv/lib/python3.12/site-packages/jax/_src/abstract_arrays.py:135: RuntimeWarning: overflow encountered in cast
  return literals.TypedNdArray(np.asarray(x, dtype), weak_type=False)
/home/vkurtz/projects/hydrax/.venv/lib/python3.12/site-packages/jax/_src/abstract_arrays.py:135: RuntimeWarning: overflow encountered in cast
  return literals.TypedNdArray(np.asarray(x, dtype), weak_type=False)
/home/vkurtz/projects/hydrax/.venv/lib/python3.12/site-packages/jax/_src/abstract_arrays.py:135: RuntimeWarning: overflow encountered in cast
  return literals.TypedNdArray(np.asarray(x, dtype), weak_type=False)
  -> cost=0.5505, wall_time=26.94s
[322/420] task=cube alg=cmaes seed=1 ...
/home/vkurtz/projects/hydrax/.venv/lib/python3.12/site-packages/jax/_src/abstract_arrays.py:135: RuntimeWarning: overflow encountered in cast
  return literals.TypedNdArray(np.asarray(x, dtype), weak_type=False)
/home/vkurtz/projects/hydrax/.venv/lib/python3.12/site-packages/jax/_src/abstract_arrays.py:135: RuntimeWarning: overflow encountered in cast
  return literals.TypedNdArray(np.asarray(x, dtype), weak_type=False)
/home/vkurtz/projects/hydrax/.venv/lib/python3.12/site-packages/jax/_src/abstract_arrays.py:135: RuntimeWarning: overflow encountered in cast
  return literals.TypedNdArray(np.asarray(x, dtype), weak_type=False)
/home/vkurtz/projects/hydrax/.venv/lib/python3.12/site-packages/jax/_src/abstract_arrays.py:135: RuntimeWarning: overflow encountered in cast
  return literals.TypedNdArray(np.asarray(x, dtype), weak_type=False)
  -> cost=0.5331, wall_time=9.35s
[323/420] task=cube alg=cmaes seed=2 ...
/home/vkurtz/projects/hydrax/.venv/lib/python3.12/site-packages/jax/_src/abstract_arrays.py:135: RuntimeWarning: overflow encountered in cast
  return literals.TypedNdArray(np.asarray(x, dtype), weak_type=False)
/home/vkurtz/projects/hydrax/.venv/lib/python3.12/site-packages/jax/_src/abstract_arrays.py:135: RuntimeWarning: overflow encountered in cast
  return literals.TypedNdArray(np.asarray(x, dtype), weak_type=False)
/home/vkurtz/projects/hydrax/.venv/lib/python3.12/site-packages/jax/_src/abstract_arrays.py:135: RuntimeWarning: overflow encountered in cast
  return literals.TypedNdArray(np.asarray(x, dtype), weak_type=False)
/home/vkurtz/projects/hydrax/.venv/lib/python3.12/site-packages/jax/_src/abstract_arrays.py:135: RuntimeWarning: overflow encountered in cast
  return literals.TypedNdArray(np.asarray(x, dtype), weak_type=False)
  -> cost=0.1915, wall_time=9.36s
[324/420] task=cube alg=cmaes seed=3 ...
/home/vkurtz/projects/hydrax/.venv/lib/python3.12/site-packages/jax/_src/abstract_arrays.py:135: RuntimeWarning: overflow encountered in cast
  return literals.TypedNdArray(np.asarray(x, dtype), weak_type=False)
/home/vkurtz/projects/hydrax/.venv/lib/python3.12/site-packages/jax/_src/abstract_arrays.py:135: RuntimeWarning: overflow encountered in cast
  return literals.TypedNdArray(np.asarray(x, dtype), weak_type=False)
/home/vkurtz/projects/hydrax/.venv/lib/python3.12/site-packages/jax/_src/abstract_arrays.py:135: RuntimeWarning: overflow encountered in cast
  return literals.TypedNdArray(np.asarray(x, dtype), weak_type=False)
/home/vkurtz/projects/hydrax/.venv/lib/python3.12/site-packages/jax/_src/abstract_arrays.py:135: RuntimeWarning: overflow encountered in cast
  return literals.TypedNdArray(np.asarray(x, dtype), weak_type=False)
  -> cost=0.1857, wall_time=9.46s
[325/420] task=cube alg=cmaes seed=4 ...
/home/vkurtz/projects/hydrax/.venv/lib/python3.12/site-packages/jax/_src/abstract_arrays.py:135: RuntimeWarning: overflow encountered in cast
  return literals.TypedNdArray(np.asarray(x, dtype), weak_type=False)
/home/vkurtz/projects/hydrax/.venv/lib/python3.12/site-packages/jax/_src/abstract_arrays.py:135: RuntimeWarning: overflow encountered in cast
  return literals.TypedNdArray(np.asarray(x, dtype), weak_type=False)
/home/vkurtz/projects/hydrax/.venv/lib/python3.12/site-packages/jax/_src/abstract_arrays.py:135: RuntimeWarning: overflow encountered in cast
  return literals.TypedNdArray(np.asarray(x, dtype), weak_type=False)
/home/vkurtz/projects/hydrax/.venv/lib/python3.12/site-packages/jax/_src/abstract_arrays.py:135: RuntimeWarning: overflow encountered in cast
  return literals.TypedNdArray(np.asarray(x, dtype), weak_type=False)
  -> cost=0.5246, wall_time=9.64s
[326/420] task=cube alg=cmaes seed=5 ...
/home/vkurtz/projects/hydrax/.venv/lib/python3.12/site-packages/jax/_src/abstract_arrays.py:135: RuntimeWarning: overflow encountered in cast
  return literals.TypedNdArray(np.asarray(x, dtype), weak_type=False)
/home/vkurtz/projects/hydrax/.venv/lib/python3.12/site-packages/jax/_src/abstract_arrays.py:135: RuntimeWarning: overflow encountered in cast
  return literals.TypedNdArray(np.asarray(x, dtype), weak_type=False)
/home/vkurtz/projects/hydrax/.venv/lib/python3.12/site-packages/jax/_src/abstract_arrays.py:135: RuntimeWarning: overflow encountered in cast
  return literals.TypedNdArray(np.asarray(x, dtype), weak_type=False)
/home/vkurtz/projects/hydrax/.venv/lib/python3.12/site-packages/jax/_src/abstract_arrays.py:135: RuntimeWarning: overflow encountered in cast
  return literals.TypedNdArray(np.asarray(x, dtype), weak_type=False)
  -> cost=0.4692, wall_time=9.66s
[327/420] task=cube alg=cmaes seed=6 ...
/home/vkurtz/projects/hydrax/.venv/lib/python3.12/site-packages/jax/_src/abstract_arrays.py:135: RuntimeWarning: overflow encountered in cast
  return literals.TypedNdArray(np.asarray(x, dtype), weak_type=False)
/home/vkurtz/projects/hydrax/.venv/lib/python3.12/site-packages/jax/_src/abstract_arrays.py:135: RuntimeWarning: overflow encountered in cast
  return literals.TypedNdArray(np.asarray(x, dtype), weak_type=False)
/home/vkurtz/projects/hydrax/.venv/lib/python3.12/site-packages/jax/_src/abstract_arrays.py:135: RuntimeWarning: overflow encountered in cast
  return literals.TypedNdArray(np.asarray(x, dtype), weak_type=False)
/home/vkurtz/projects/hydrax/.venv/lib/python3.12/site-packages/jax/_src/abstract_arrays.py:135: RuntimeWarning: overflow encountered in cast
  return literals.TypedNdArray(np.asarray(x, dtype), weak_type=False)
  -> cost=1.0567, wall_time=8.94s
[328/420] task=cube alg=cmaes seed=7 ...
/home/vkurtz/projects/hydrax/.venv/lib/python3.12/site-packages/jax/_src/abstract_arrays.py:135: RuntimeWarning: overflow encountered in cast
  return literals.TypedNdArray(np.asarray(x, dtype), weak_type=False)
/home/vkurtz/projects/hydrax/.venv/lib/python3.12/site-packages/jax/_src/abstract_arrays.py:135: RuntimeWarning: overflow encountered in cast
  return literals.TypedNdArray(np.asarray(x, dtype), weak_type=False)
/home/vkurtz/projects/hydrax/.venv/lib/python3.12/site-packages/jax/_src/abstract_arrays.py:135: RuntimeWarning: overflow encountered in cast
  return literals.TypedNdArray(np.asarray(x, dtype), weak_type=False)
/home/vkurtz/projects/hydrax/.venv/lib/python3.12/site-packages/jax/_src/abstract_arrays.py:135: RuntimeWarning: overflow encountered in cast
  return literals.TypedNdArray(np.asarray(x, dtype), weak_type=False)
  -> cost=0.1379, wall_time=9.66s
[329/420] task=cube alg=cmaes seed=8 ...
/home/vkurtz/projects/hydrax/.venv/lib/python3.12/site-packages/jax/_src/abstract_arrays.py:135: RuntimeWarning: overflow encountered in cast
  return literals.TypedNdArray(np.asarray(x, dtype), weak_type=False)
/home/vkurtz/projects/hydrax/.venv/lib/python3.12/site-packages/jax/_src/abstract_arrays.py:135: RuntimeWarning: overflow encountered in cast
  return literals.TypedNdArray(np.asarray(x, dtype), weak_type=False)
/home/vkurtz/projects/hydrax/.venv/lib/python3.12/site-packages/jax/_src/abstract_arrays.py:135: RuntimeWarning: overflow encountered in cast
  return literals.TypedNdArray(np.asarray(x, dtype), weak_type=False)
/home/vkurtz/projects/hydrax/.venv/lib/python3.12/site-packages/jax/_src/abstract_arrays.py:135: RuntimeWarning: overflow encountered in cast
  return literals.TypedNdArray(np.asarray(x, dtype), weak_type=False)
  -> cost=0.2115, wall_time=9.46s
[330/420] task=cube alg=cmaes seed=9 ...
/home/vkurtz/projects/hydrax/.venv/lib/python3.12/site-packages/jax/_src/abstract_arrays.py:135: RuntimeWarning: overflow encountered in cast
  return literals.TypedNdArray(np.asarray(x, dtype), weak_type=False)
/home/vkurtz/projects/hydrax/.venv/lib/python3.12/site-packages/jax/_src/abstract_arrays.py:135: RuntimeWarning: overflow encountered in cast
  return literals.TypedNdArray(np.asarray(x, dtype), weak_type=False)
/home/vkurtz/projects/hydrax/.venv/lib/python3.12/site-packages/jax/_src/abstract_arrays.py:135: RuntimeWarning: overflow encountered in cast
  return literals.TypedNdArray(np.asarray(x, dtype), weak_type=False)
/home/vkurtz/projects/hydrax/.venv/lib/python3.12/site-packages/jax/_src/abstract_arrays.py:135: RuntimeWarning: overflow encountered in cast
  return literals.TypedNdArray(np.asarray(x, dtype), weak_type=False)
  -> cost=0.1865, wall_time=9.35s
[331/420] task=cube alg=mppi_cma seed=0 ...
/home/vkurtz/projects/hydrax/.venv/lib/python3.12/site-packages/jax/_src/abstract_arrays.py:135: RuntimeWarning: overflow encountered in cast
  return literals.TypedNdArray(np.asarray(x, dtype), weak_type=False)
/home/vkurtz/projects/hydrax/.venv/lib/python3.12/site-packages/jax/_src/abstract_arrays.py:135: RuntimeWarning: overflow encountered in cast
  return literals.TypedNdArray(np.asarray(x, dtype), weak_type=False)
  -> cost=0.8770, wall_time=21.47s
[332/420] task=cube alg=mppi_cma seed=1 ...
/home/vkurtz/projects/hydrax/.venv/lib/python3.12/site-packages/jax/_src/abstract_arrays.py:135: RuntimeWarning: overflow encountered in cast
  return literals.TypedNdArray(np.asarray(x, dtype), weak_type=False)
/home/vkurtz/projects/hydrax/.venv/lib/python3.12/site-packages/jax/_src/abstract_arrays.py:135: RuntimeWarning: overflow encountered in cast
  return literals.TypedNdArray(np.asarray(x, dtype), weak_type=False)
  -> cost=0.8378, wall_time=4.42s
[333/420] task=cube alg=mppi_cma seed=2 ...
/home/vkurtz/projects/hydrax/.venv/lib/python3.12/site-packages/jax/_src/abstract_arrays.py:135: RuntimeWarning: overflow encountered in cast
  return literals.TypedNdArray(np.asarray(x, dtype), weak_type=False)
/home/vkurtz/projects/hydrax/.venv/lib/python3.12/site-packages/jax/_src/abstract_arrays.py:135: RuntimeWarning: overflow encountered in cast
  return literals.TypedNdArray(np.asarray(x, dtype), weak_type=False)
  -> cost=0.7121, wall_time=4.61s
[334/420] task=cube alg=mppi_cma seed=3 ...
/home/vkurtz/projects/hydrax/.venv/lib/python3.12/site-packages/jax/_src/abstract_arrays.py:135: RuntimeWarning: overflow encountered in cast
  return literals.TypedNdArray(np.asarray(x, dtype), weak_type=False)
/home/vkurtz/projects/hydrax/.venv/lib/python3.12/site-packages/jax/_src/abstract_arrays.py:135: RuntimeWarning: overflow encountered in cast
  return literals.TypedNdArray(np.asarray(x, dtype), weak_type=False)
  -> cost=1.1489, wall_time=5.04s
[335/420] task=cube alg=mppi_cma seed=4 ...
/home/vkurtz/projects/hydrax/.venv/lib/python3.12/site-packages/jax/_src/abstract_arrays.py:135: RuntimeWarning: overflow encountered in cast
  return literals.TypedNdArray(np.asarray(x, dtype), weak_type=False)
/home/vkurtz/projects/hydrax/.venv/lib/python3.12/site-packages/jax/_src/abstract_arrays.py:135: RuntimeWarning: overflow encountered in cast
  return literals.TypedNdArray(np.asarray(x, dtype), weak_type=False)
  -> cost=0.8030, wall_time=4.45s
[336/420] task=cube alg=mppi_cma seed=5 ...
/home/vkurtz/projects/hydrax/.venv/lib/python3.12/site-packages/jax/_src/abstract_arrays.py:135: RuntimeWarning: overflow encountered in cast
  return literals.TypedNdArray(np.asarray(x, dtype), weak_type=False)
/home/vkurtz/projects/hydrax/.venv/lib/python3.12/site-packages/jax/_src/abstract_arrays.py:135: RuntimeWarning: overflow encountered in cast
  return literals.TypedNdArray(np.asarray(x, dtype), weak_type=False)
  -> cost=0.7559, wall_time=4.43s
[337/420] task=cube alg=mppi_cma seed=6 ...
/home/vkurtz/projects/hydrax/.venv/lib/python3.12/site-packages/jax/_src/abstract_arrays.py:135: RuntimeWarning: overflow encountered in cast
  return literals.TypedNdArray(np.asarray(x, dtype), weak_type=False)
/home/vkurtz/projects/hydrax/.venv/lib/python3.12/site-packages/jax/_src/abstract_arrays.py:135: RuntimeWarning: overflow encountered in cast
  return literals.TypedNdArray(np.asarray(x, dtype), weak_type=False)
  -> cost=0.8055, wall_time=4.59s
[338/420] task=cube alg=mppi_cma seed=7 ...
/home/vkurtz/projects/hydrax/.venv/lib/python3.12/site-packages/jax/_src/abstract_arrays.py:135: RuntimeWarning: overflow encountered in cast
  return literals.TypedNdArray(np.asarray(x, dtype), weak_type=False)
/home/vkurtz/projects/hydrax/.venv/lib/python3.12/site-packages/jax/_src/abstract_arrays.py:135: RuntimeWarning: overflow encountered in cast
  return literals.TypedNdArray(np.asarray(x, dtype), weak_type=False)
  -> cost=0.6229, wall_time=4.49s
[339/420] task=cube alg=mppi_cma seed=8 ...
/home/vkurtz/projects/hydrax/.venv/lib/python3.12/site-packages/jax/_src/abstract_arrays.py:135: RuntimeWarning: overflow encountered in cast
  return literals.TypedNdArray(np.asarray(x, dtype), weak_type=False)
/home/vkurtz/projects/hydrax/.venv/lib/python3.12/site-packages/jax/_src/abstract_arrays.py:135: RuntimeWarning: overflow encountered in cast
  return literals.TypedNdArray(np.asarray(x, dtype), weak_type=False)
  -> cost=0.6169, wall_time=4.43s
[340/420] task=cube alg=mppi_cma seed=9 ...
/home/vkurtz/projects/hydrax/.venv/lib/python3.12/site-packages/jax/_src/abstract_arrays.py:135: RuntimeWarning: overflow encountered in cast
  return literals.TypedNdArray(np.asarray(x, dtype), weak_type=False)
/home/vkurtz/projects/hydrax/.venv/lib/python3.12/site-packages/jax/_src/abstract_arrays.py:135: RuntimeWarning: overflow encountered in cast
  return literals.TypedNdArray(np.asarray(x, dtype), weak_type=False)
  -> cost=0.9010, wall_time=4.38s
[341/420] task=cube alg=er_cma seed=0 ...
/home/vkurtz/projects/hydrax/.venv/lib/python3.12/site-packages/jax/_src/abstract_arrays.py:135: RuntimeWarning: overflow encountered in cast
  return literals.TypedNdArray(np.asarray(x, dtype), weak_type=False)
/home/vkurtz/projects/hydrax/.venv/lib/python3.12/site-packages/jax/_src/abstract_arrays.py:135: RuntimeWarning: overflow encountered in cast
  return literals.TypedNdArray(np.asarray(x, dtype), weak_type=False)
  -> cost=0.8774, wall_time=22.50s
[342/420] task=cube alg=er_cma seed=1 ...
/home/vkurtz/projects/hydrax/.venv/lib/python3.12/site-packages/jax/_src/abstract_arrays.py:135: RuntimeWarning: overflow encountered in cast
  return literals.TypedNdArray(np.asarray(x, dtype), weak_type=False)
/home/vkurtz/projects/hydrax/.venv/lib/python3.12/site-packages/jax/_src/abstract_arrays.py:135: RuntimeWarning: overflow encountered in cast
  return literals.TypedNdArray(np.asarray(x, dtype), weak_type=False)
  -> cost=0.9716, wall_time=4.41s
[343/420] task=cube alg=er_cma seed=2 ...
/home/vkurtz/projects/hydrax/.venv/lib/python3.12/site-packages/jax/_src/abstract_arrays.py:135: RuntimeWarning: overflow encountered in cast
  return literals.TypedNdArray(np.asarray(x, dtype), weak_type=False)
/home/vkurtz/projects/hydrax/.venv/lib/python3.12/site-packages/jax/_src/abstract_arrays.py:135: RuntimeWarning: overflow encountered in cast
  return literals.TypedNdArray(np.asarray(x, dtype), weak_type=False)
  -> cost=0.6442, wall_time=4.36s
[344/420] task=cube alg=er_cma seed=3 ...
/home/vkurtz/projects/hydrax/.venv/lib/python3.12/site-packages/jax/_src/abstract_arrays.py:135: RuntimeWarning: overflow encountered in cast
  return literals.TypedNdArray(np.asarray(x, dtype), weak_type=False)
/home/vkurtz/projects/hydrax/.venv/lib/python3.12/site-packages/jax/_src/abstract_arrays.py:135: RuntimeWarning: overflow encountered in cast
  return literals.TypedNdArray(np.asarray(x, dtype), weak_type=False)
  -> cost=0.6326, wall_time=4.30s
[345/420] task=cube alg=er_cma seed=4 ...
/home/vkurtz/projects/hydrax/.venv/lib/python3.12/site-packages/jax/_src/abstract_arrays.py:135: RuntimeWarning: overflow encountered in cast
  return literals.TypedNdArray(np.asarray(x, dtype), weak_type=False)
/home/vkurtz/projects/hydrax/.venv/lib/python3.12/site-packages/jax/_src/abstract_arrays.py:135: RuntimeWarning: overflow encountered in cast
  return literals.TypedNdArray(np.asarray(x, dtype), weak_type=False)
  -> cost=0.7135, wall_time=4.29s
[346/420] task=cube alg=er_cma seed=5 ...
/home/vkurtz/projects/hydrax/.venv/lib/python3.12/site-packages/jax/_src/abstract_arrays.py:135: RuntimeWarning: overflow encountered in cast
  return literals.TypedNdArray(np.asarray(x, dtype), weak_type=False)
/home/vkurtz/projects/hydrax/.venv/lib/python3.12/site-packages/jax/_src/abstract_arrays.py:135: RuntimeWarning: overflow encountered in cast
  return literals.TypedNdArray(np.asarray(x, dtype), weak_type=False)
  -> cost=0.7984, wall_time=4.28s
[347/420] task=cube alg=er_cma seed=6 ...
/home/vkurtz/projects/hydrax/.venv/lib/python3.12/site-packages/jax/_src/abstract_arrays.py:135: RuntimeWarning: overflow encountered in cast
  return literals.TypedNdArray(np.asarray(x, dtype), weak_type=False)
/home/vkurtz/projects/hydrax/.venv/lib/python3.12/site-packages/jax/_src/abstract_arrays.py:135: RuntimeWarning: overflow encountered in cast
  return literals.TypedNdArray(np.asarray(x, dtype), weak_type=False)
  -> cost=0.6877, wall_time=4.28s
[348/420] task=cube alg=er_cma seed=7 ...
/home/vkurtz/projects/hydrax/.venv/lib/python3.12/site-packages/jax/_src/abstract_arrays.py:135: RuntimeWarning: overflow encountered in cast
  return literals.TypedNdArray(np.asarray(x, dtype), weak_type=False)
/home/vkurtz/projects/hydrax/.venv/lib/python3.12/site-packages/jax/_src/abstract_arrays.py:135: RuntimeWarning: overflow encountered in cast
  return literals.TypedNdArray(np.asarray(x, dtype), weak_type=False)
  -> cost=0.7464, wall_time=4.95s
[349/420] task=cube alg=er_cma seed=8 ...
/home/vkurtz/projects/hydrax/.venv/lib/python3.12/site-packages/jax/_src/abstract_arrays.py:135: RuntimeWarning: overflow encountered in cast
  return literals.TypedNdArray(np.asarray(x, dtype), weak_type=False)
/home/vkurtz/projects/hydrax/.venv/lib/python3.12/site-packages/jax/_src/abstract_arrays.py:135: RuntimeWarning: overflow encountered in cast
  return literals.TypedNdArray(np.asarray(x, dtype), weak_type=False)
  -> cost=0.6369, wall_time=4.29s
[350/420] task=cube alg=er_cma seed=9 ...
/home/vkurtz/projects/hydrax/.venv/lib/python3.12/site-packages/jax/_src/abstract_arrays.py:135: RuntimeWarning: overflow encountered in cast
  return literals.TypedNdArray(np.asarray(x, dtype), weak_type=False)
/home/vkurtz/projects/hydrax/.venv/lib/python3.12/site-packages/jax/_src/abstract_arrays.py:135: RuntimeWarning: overflow encountered in cast
  return literals.TypedNdArray(np.asarray(x, dtype), weak_type=False)
  -> cost=0.7182, wall_time=4.29s
[351/420] task=humanoid_standup alg=ps seed=0 ...
  -> cost=37.8826, wall_time=36.71s
[352/420] task=humanoid_standup alg=ps seed=1 ...
  -> cost=36.3246, wall_time=5.11s
[353/420] task=humanoid_standup alg=ps seed=2 ...
  -> cost=37.6747, wall_time=5.19s
[354/420] task=humanoid_standup alg=ps seed=3 ...
  -> cost=35.9108, wall_time=5.11s
[355/420] task=humanoid_standup alg=ps seed=4 ...
  -> cost=35.2663, wall_time=5.10s
[356/420] task=humanoid_standup alg=ps seed=5 ...
  -> cost=35.9736, wall_time=5.09s
[357/420] task=humanoid_standup alg=ps seed=6 ...
  -> cost=38.1453, wall_time=5.13s
[358/420] task=humanoid_standup alg=ps seed=7 ...
  -> cost=44.1825, wall_time=5.08s
[359/420] task=humanoid_standup alg=ps seed=8 ...
  -> cost=42.4167, wall_time=5.11s
[360/420] task=humanoid_standup alg=ps seed=9 ...
  -> cost=37.0223, wall_time=5.11s
[361/420] task=humanoid_standup alg=mppi seed=0 ...
  -> cost=33.7520, wall_time=37.53s
[362/420] task=humanoid_standup alg=mppi seed=1 ...
  -> cost=32.2713, wall_time=5.07s
[363/420] task=humanoid_standup alg=mppi seed=2 ...
  -> cost=39.8220, wall_time=5.08s
[364/420] task=humanoid_standup alg=mppi seed=3 ...
  -> cost=35.0523, wall_time=5.10s
[365/420] task=humanoid_standup alg=mppi seed=4 ...
  -> cost=34.5163, wall_time=5.10s
[366/420] task=humanoid_standup alg=mppi seed=5 ...
  -> cost=37.4953, wall_time=5.12s
[367/420] task=humanoid_standup alg=mppi seed=6 ...
  -> cost=34.6910, wall_time=5.08s
[368/420] task=humanoid_standup alg=mppi seed=7 ...
  -> cost=34.1178, wall_time=5.26s
[369/420] task=humanoid_standup alg=mppi seed=8 ...
  -> cost=35.4366, wall_time=5.10s
[370/420] task=humanoid_standup alg=mppi seed=9 ...
  -> cost=35.2927, wall_time=5.26s
[371/420] task=humanoid_standup alg=cem seed=0 ...
  -> cost=40.9109, wall_time=40.30s
[372/420] task=humanoid_standup alg=cem seed=1 ...
  -> cost=48.9918, wall_time=5.75s
[373/420] task=humanoid_standup alg=cem seed=2 ...
  -> cost=38.6582, wall_time=6.32s
[374/420] task=humanoid_standup alg=cem seed=3 ...
  -> cost=39.5311, wall_time=5.60s
[375/420] task=humanoid_standup alg=cem seed=4 ...
  -> cost=39.7755, wall_time=5.67s
[376/420] task=humanoid_standup alg=cem seed=5 ...
  -> cost=47.4842, wall_time=5.55s
[377/420] task=humanoid_standup alg=cem seed=6 ...
  -> cost=41.5692, wall_time=5.70s
[378/420] task=humanoid_standup alg=cem seed=7 ...
  -> cost=43.8121, wall_time=5.60s
[379/420] task=humanoid_standup alg=cem seed=8 ...
  -> cost=48.1446, wall_time=5.59s
[380/420] task=humanoid_standup alg=cem seed=9 ...
  -> cost=46.6380, wall_time=6.27s
[381/420] task=humanoid_standup alg=dial seed=0 ...
  -> cost=38.3830, wall_time=39.51s
[382/420] task=humanoid_standup alg=dial seed=1 ...
  -> cost=34.1794, wall_time=5.59s
[383/420] task=humanoid_standup alg=dial seed=2 ...
  -> cost=35.6543, wall_time=5.46s
[384/420] task=humanoid_standup alg=dial seed=3 ...
  -> cost=37.4264, wall_time=5.54s
[385/420] task=humanoid_standup alg=dial seed=4 ...
  -> cost=39.0394, wall_time=5.73s
[386/420] task=humanoid_standup alg=dial seed=5 ...
  -> cost=38.6164, wall_time=5.70s
[387/420] task=humanoid_standup alg=dial seed=6 ...
  -> cost=39.9409, wall_time=5.56s
[388/420] task=humanoid_standup alg=dial seed=7 ...
  -> cost=36.0864, wall_time=5.72s
[389/420] task=humanoid_standup alg=dial seed=8 ...
  -> cost=41.0824, wall_time=5.72s
[390/420] task=humanoid_standup alg=dial seed=9 ...
  -> cost=51.9381, wall_time=5.66s
[391/420] task=humanoid_standup alg=cmaes seed=0 ...
  -> cost=32.6538, wall_time=50.39s
[392/420] task=humanoid_standup alg=cmaes seed=1 ...
  -> cost=32.5012, wall_time=14.08s
[393/420] task=humanoid_standup alg=cmaes seed=2 ...
  -> cost=32.3880, wall_time=13.32s
[394/420] task=humanoid_standup alg=cmaes seed=3 ...
  -> cost=32.6390, wall_time=13.56s
[395/420] task=humanoid_standup alg=cmaes seed=4 ...
  -> cost=32.5032, wall_time=13.31s
[396/420] task=humanoid_standup alg=cmaes seed=5 ...
  -> cost=32.5797, wall_time=13.34s
[397/420] task=humanoid_standup alg=cmaes seed=6 ...
  -> cost=31.9876, wall_time=13.38s
[398/420] task=humanoid_standup alg=cmaes seed=7 ...
  -> cost=32.8643, wall_time=13.30s
[399/420] task=humanoid_standup alg=cmaes seed=8 ...
  -> cost=32.4281, wall_time=13.85s
[400/420] task=humanoid_standup alg=cmaes seed=9 ...
  -> cost=32.1017, wall_time=13.03s
[401/420] task=humanoid_standup alg=mppi_cma seed=0 ...
  -> cost=37.8953, wall_time=40.74s
[402/420] task=humanoid_standup alg=mppi_cma seed=1 ...
  -> cost=46.0847, wall_time=5.68s
[403/420] task=humanoid_standup alg=mppi_cma seed=2 ...
  -> cost=38.9460, wall_time=6.35s
[404/420] task=humanoid_standup alg=mppi_cma seed=3 ...
  -> cost=35.0672, wall_time=5.72s
[405/420] task=humanoid_standup alg=mppi_cma seed=4 ...
  -> cost=39.1113, wall_time=5.73s
[406/420] task=humanoid_standup alg=mppi_cma seed=5 ...
  -> cost=37.7774, wall_time=6.47s
[407/420] task=humanoid_standup alg=mppi_cma seed=6 ...
  -> cost=42.0420, wall_time=5.73s
[408/420] task=humanoid_standup alg=mppi_cma seed=7 ...
  -> cost=38.1727, wall_time=5.73s
[409/420] task=humanoid_standup alg=mppi_cma seed=8 ...
  -> cost=40.2423, wall_time=5.64s
[410/420] task=humanoid_standup alg=mppi_cma seed=9 ...
  -> cost=33.0587, wall_time=5.77s
[411/420] task=humanoid_standup alg=er_cma seed=0 ...
  -> cost=37.6213, wall_time=40.76s
[412/420] task=humanoid_standup alg=er_cma seed=1 ...
  -> cost=34.1064, wall_time=5.58s
[413/420] task=humanoid_standup alg=er_cma seed=2 ...
  -> cost=40.4231, wall_time=5.56s
[414/420] task=humanoid_standup alg=er_cma seed=3 ...
  -> cost=33.8025, wall_time=6.34s
[415/420] task=humanoid_standup alg=er_cma seed=4 ...
  -> cost=34.6393, wall_time=5.61s
[416/420] task=humanoid_standup alg=er_cma seed=5 ...
  -> cost=48.6501, wall_time=5.66s
[417/420] task=humanoid_standup alg=er_cma seed=6 ...
  -> cost=35.2515, wall_time=5.59s
[418/420] task=humanoid_standup alg=er_cma seed=7 ...
  -> cost=34.4479, wall_time=5.62s
[419/420] task=humanoid_standup alg=er_cma seed=8 ...
  -> cost=35.8356, wall_time=5.61s
[420/420] task=humanoid_standup alg=er_cma seed=9 ...
  -> cost=35.0132, wall_time=6.41s
Done. 420 trials in 5794.5s. Output: /home/vkurtz/projects/hydrax/results/remaining_tasks.csv
