[1/70] task=walker alg=ps seed=0 ...
  -> cost=4.8389, wall_time=11.43s
[2/70] task=walker alg=ps seed=1 ...
  -> cost=1.9595, wall_time=3.19s
[3/70] task=walker alg=ps seed=2 ...
  -> cost=4.7517, wall_time=3.20s
[4/70] task=walker alg=ps seed=3 ...
  -> cost=3.2985, wall_time=3.20s
[5/70] task=walker alg=ps seed=4 ...
  -> cost=2.7186, wall_time=3.19s
[6/70] task=walker alg=ps seed=5 ...
  -> cost=1.8229, wall_time=3.19s
[7/70] task=walker alg=ps seed=6 ...
  -> cost=2.2753, wall_time=3.18s
[8/70] task=walker alg=ps seed=7 ...
  -> cost=5.7992, wall_time=3.21s
[9/70] task=walker alg=ps seed=8 ...
  -> cost=6.3763, wall_time=3.30s
[10/70] task=walker alg=ps seed=9 ...
  -> cost=2.1425, wall_time=3.20s
[11/70] task=walker alg=mppi seed=0 ...
  -> cost=3.1537, wall_time=11.40s
[12/70] task=walker alg=mppi seed=1 ...
  -> cost=2.5865, wall_time=3.18s
[13/70] task=walker alg=mppi seed=2 ...
  -> cost=4.0306, wall_time=3.20s
[14/70] task=walker alg=mppi seed=3 ...
  -> cost=7.5157, wall_time=3.21s
[15/70] task=walker alg=mppi seed=4 ...
  -> cost=1.8223, wall_time=3.19s
[16/70] task=walker alg=mppi seed=5 ...
  -> cost=2.4300, wall_time=3.19s
[17/70] task=walker alg=mppi seed=6 ...
  -> cost=3.0298, wall_time=3.19s
[18/70] task=walker alg=mppi seed=7 ...
  -> cost=2.5871, wall_time=3.21s
[19/70] task=walker alg=mppi seed=8 ...
  -> cost=2.7147, wall_time=3.20s
[20/70] task=walker alg=mppi seed=9 ...
  -> cost=2.5550, wall_time=3.18s
[21/70] task=walker alg=cem seed=0 ...
  -> cost=13.8824, wall_time=11.66s
[22/70] task=walker alg=cem seed=1 ...
  -> cost=9.2807, wall_time=3.35s
[23/70] task=walker alg=cem seed=2 ...
  -> cost=6.6545, wall_time=3.21s
[24/70] task=walker alg=cem seed=3 ...
  -> cost=12.3993, wall_time=3.21s
[25/70] task=walker alg=cem seed=4 ...
  -> cost=6.4715, wall_time=3.21s
[26/70] task=walker alg=cem seed=5 ...
  -> cost=6.2303, wall_time=3.20s
[27/70] task=walker alg=cem seed=6 ...
  -> cost=4.3168, wall_time=3.21s
[28/70] task=walker alg=cem seed=7 ...
  -> cost=9.1666, wall_time=3.24s
[29/70] task=walker alg=cem seed=8 ...
  -> cost=5.3054, wall_time=3.22s
[30/70] task=walker alg=cem seed=9 ...
  -> cost=4.3046, wall_time=3.37s
[31/70] task=walker alg=dial seed=0 ...
  -> cost=13.0715, wall_time=11.51s
[32/70] task=walker alg=dial seed=1 ...
  -> cost=17.4103, wall_time=3.18s
[33/70] task=walker alg=dial seed=2 ...
  -> cost=4.6060, wall_time=3.20s
[34/70] task=walker alg=dial seed=3 ...
  -> cost=9.2538, wall_time=3.21s
[35/70] task=walker alg=dial seed=4 ...
  -> cost=22.1910, wall_time=3.20s
[36/70] task=walker alg=dial seed=5 ...
  -> cost=5.0250, wall_time=3.36s
[37/70] task=walker alg=dial seed=6 ...
  -> cost=8.7464, wall_time=3.19s
[38/70] task=walker alg=dial seed=7 ...
  -> cost=3.8413, wall_time=3.21s
[39/70] task=walker alg=dial seed=8 ...
  -> cost=3.2403, wall_time=3.19s
[40/70] task=walker alg=dial seed=9 ...
  -> cost=4.9387, wall_time=3.22s
[41/70] task=walker alg=cmaes seed=0 ...
  -> cost=11.4079, wall_time=15.11s
[42/70] task=walker alg=cmaes seed=1 ...
  -> cost=2.1838, wall_time=6.30s
[43/70] task=walker alg=cmaes seed=2 ...
  -> cost=3.2796, wall_time=6.25s
[44/70] task=walker alg=cmaes seed=3 ...
  -> cost=10.3010, wall_time=6.17s
[45/70] task=walker alg=cmaes seed=4 ...
  -> cost=2.1153, wall_time=6.40s
[46/70] task=walker alg=cmaes seed=5 ...
  -> cost=3.8109, wall_time=6.23s
[47/70] task=walker alg=cmaes seed=6 ...
  -> cost=2.3898, wall_time=6.40s
[48/70] task=walker alg=cmaes seed=7 ...
  -> cost=8.6948, wall_time=6.18s
[49/70] task=walker alg=cmaes seed=8 ...
  -> cost=2.0598, wall_time=6.33s
[50/70] task=walker alg=cmaes seed=9 ...
  -> cost=6.8153, wall_time=6.38s
[51/70] task=walker alg=mppi_cma seed=0 ...
  -> cost=6.8418, wall_time=11.84s
[52/70] task=walker alg=mppi_cma seed=1 ...
  -> cost=27.6069, wall_time=3.23s
[53/70] task=walker alg=mppi_cma seed=2 ...
  -> cost=6.7716, wall_time=3.24s
[54/70] task=walker alg=mppi_cma seed=3 ...
  -> cost=9.9412, wall_time=3.24s
[55/70] task=walker alg=mppi_cma seed=4 ...
  -> cost=12.5857, wall_time=3.24s
[56/70] task=walker alg=mppi_cma seed=5 ...
  -> cost=14.9714, wall_time=3.42s
[57/70] task=walker alg=mppi_cma seed=6 ...
  -> cost=5.5425, wall_time=3.28s
[58/70] task=walker alg=mppi_cma seed=7 ...
  -> cost=7.7373, wall_time=3.27s
[59/70] task=walker alg=mppi_cma seed=8 ...
  -> cost=27.2721, wall_time=3.28s
[60/70] task=walker alg=mppi_cma seed=9 ...
  -> cost=10.3559, wall_time=3.44s
[61/70] task=walker alg=er_cma seed=0 ...
  -> cost=2.5224, wall_time=12.17s
[62/70] task=walker alg=er_cma seed=1 ...
  -> cost=2.8740, wall_time=3.40s
[63/70] task=walker alg=er_cma seed=2 ...
  -> cost=3.0337, wall_time=3.29s
[64/70] task=walker alg=er_cma seed=3 ...
  -> cost=2.8821, wall_time=3.24s
[65/70] task=walker alg=er_cma seed=4 ...
  -> cost=5.6916, wall_time=3.23s
[66/70] task=walker alg=er_cma seed=5 ...
  -> cost=1.8735, wall_time=3.25s
[67/70] task=walker alg=er_cma seed=6 ...
  -> cost=1.9415, wall_time=3.22s
[68/70] task=walker alg=er_cma seed=7 ...
  -> cost=1.9901, wall_time=3.22s
[69/70] task=walker alg=er_cma seed=8 ...
  -> cost=1.6673, wall_time=3.22s
[70/70] task=walker alg=er_cma seed=9 ...
  -> cost=2.2219, wall_time=3.22s
Done. 70 trials in 677.6s. Output: /home/vkurtz/projects/hydrax/results/walker_benchmark.csv
